Archive member included because of file (symbol)

contiki-sky.a(contiki-sky-pla)
                              obj_sky/contiki-sky-main.o (init_platform)
contiki-sky.a(battery-sensor.)
                              sender.co (battery_sensor)
contiki-sky.a(button-sensor.o)
                              sender.co (button_sensor)
contiki-sky.a(ds2411.o)       obj_sky/contiki-sky-main.o (ds2411_init)
contiki-sky.a(xmem.o)         obj_sky/contiki-sky-main.o (xmem_init)
contiki-sky.a(node-id.o)      obj_sky/contiki-sky-main.o (node_id_restore)
contiki-sky.a(sensors.o)      sender.co (sensors_event)
contiki-sky.a(cc2420.o)       obj_sky/contiki-sky-main.o (cc2420_set_pan_addr)
contiki-sky.a(cc2420-arch.o)  contiki-sky.a(cc2420.o) (cc2420_arch_init)
contiki-sky.a(sky-sensors.o)  contiki-sky.a(battery-sensor.) (sky_sensors_status)
contiki-sky.a(uart1.o)        obj_sky/contiki-sky-main.o (uart1_active)
contiki-sky.a(uart1-putchar.o)
                              obj_sky/contiki-sky-main.o (putchar)
contiki-sky.a(msp430.o)       contiki-sky.a(uart1.o) (msp430_add_lpm_req)
contiki-sky.a(clock.o)        obj_sky/contiki-sky-main.o (clock_init)
contiki-sky.a(leds.o)         obj_sky/contiki-sky-main.o (leds_init)
contiki-sky.a(leds-arch.o)    contiki-sky.a(leds.o) (leds_arch_init)
contiki-sky.a(watchdog.o)     obj_sky/contiki-sky-main.o (watchdog_start)
contiki-sky.a(rtimer-arch.o)  obj_sky/contiki-sky-main.o (rtimer_arch_now)
contiki-sky.a(autostart.o)    obj_sky/contiki-sky-main.o (autostart_start)
contiki-sky.a(ctimer.o)       obj_sky/contiki-sky-main.o (ctimer_init)
contiki-sky.a(energest.o)     obj_sky/contiki-sky-main.o (energest_init)
contiki-sky.a(etimer.o)       contiki-sky.a(clock.o) (etimer_request_poll)
contiki-sky.a(process.o)      contiki-sky.a(ctimer.o) (process_current)
contiki-sky.a(rtimer.o)       obj_sky/contiki-sky-main.o (rtimer_init)
contiki-sky.a(timer.o)        obj_sky/contiki-sky-main.o (timer_set)
contiki-sky.a(list.o)         contiki-sky.a(ctimer.o) (list_init)
contiki-sky.a(random.o)       obj_sky/contiki-sky-main.o (random_init)
contiki-sky.a(sicslowpan.o)   obj_sky/contiki-sky-main.o (sicslowpan_driver)
contiki-sky.a(uip6.o)         contiki-sky.a(sicslowpan.o) (uip_aligned_buf)
contiki-sky.a(uip-ds6.o)      contiki-sky.a(uip6.o) (uip_ds6_is_addr_onlink)
contiki-sky.a(uip-ds6-nbr.o)  contiki-sky.a(uip-ds6.o) (uip_ds6_neighbors_init)
contiki-sky.a(uip-ds6-route.o)
                              contiki-sky.a(uip-ds6.o) (uip_ds6_route_init)
contiki-sky.a(uip-icmp6.o)    contiki-sky.a(uip6.o) (uip_icmp6_input)
contiki-sky.a(uip-nd6.o)      contiki-sky.a(uip6.o) (uip_nd6_init)
contiki-sky.a(tcpip.o)        contiki-sky.a(sicslowpan.o) (tcpip_set_outputfunc)
contiki-sky.a(uip-debug.o)    contiki-sky.a(uip-ds6-route.o) (uip_debug_ipaddr_print)
contiki-sky.a(uip-udp-packet.)
                              sender.co (uip_udp_packet_sendto)
contiki-sky.a(rpl.o)          contiki-sky.a(uip-ds6-nbr.o) (rpl_link_neighbor_callback)
contiki-sky.a(rpl-dag.o)      contiki-sky.a(rpl.o) (rpl_dag_init)
contiki-sky.a(rpl-ext-header.)
                              contiki-sky.a(uip6.o) (rpl_verify_hbh_header)
contiki-sky.a(rpl-icmp6.o)    contiki-sky.a(rpl-dag.o) (rpl_icmp6_update_nbr_table)
contiki-sky.a(rpl-mrhof.o)    contiki-sky.a(rpl-dag.o) (rpl_mrhof)
contiki-sky.a(rpl-timers.o)   contiki-sky.a(rpl.o) (rpl_reset_periodic_timer)
contiki-sky.a(csma.o)         obj_sky/contiki-sky-main.o (csma_driver)
contiki-sky.a(framer-802154.o)
                              contiki-sky.a(sicslowpan.o) (framer_802154)
contiki-sky.a(mac.o)          contiki-sky.a(csma.o) (mac_call_sent_callback)
contiki-sky.a(nullrdc.o)      obj_sky/contiki-sky-main.o (nullrdc_driver)
contiki-sky.a(linkaddr.o)     obj_sky/contiki-sky-main.o (linkaddr_copy)
contiki-sky.a(link-stats.o)   contiki-sky.a(rpl-dag.o) (link_stats_from_lladdr)
contiki-sky.a(nbr-table.o)    contiki-sky.a(uip-ds6-nbr.o) (nbr_table_register)
contiki-sky.a(packetbuf.o)    contiki-sky.a(framer-802154.o) (packetbuf_hdrreduce)
contiki-sky.a(queuebuf.o)     obj_sky/contiki-sky-main.o (queuebuf_init)
contiki-sky.a(nullsec.o)      obj_sky/contiki-sky-main.o (nullsec_driver)
contiki-sky.a(spi.o)          contiki-sky.a(xmem.o) (spi_init)
contiki-sky.a(stimer.o)       contiki-sky.a(uip-ds6.o) (stimer_set)
contiki-sky.a(memb.o)         contiki-sky.a(uip-ds6-route.o) (memb_init)
contiki-sky.a(rpl-nbr-policy.)
                              contiki-sky.a(nbr-table.o) (rpl_nbr_policy_find_removable)
contiki-sky.a(frame802154.o)  contiki-sky.a(framer-802154.o) (frame802154_get_pan_id)
/usr/local/msp430/bin/../lib/gcc/msp430/4.7.0/mmpy-16/libgcc.a(_mulsi3.o)
                              contiki-sky.a(rpl-timers.o) (__mulsi3)
/usr/local/msp430/bin/../lib/gcc/msp430/4.7.0/mmpy-16/libgcc.a(_udivmod16.o)
                              contiki-sky.a(rpl-dag.o) (__udivhi3)
/usr/local/msp430/bin/../lib/gcc/msp430/4.7.0/mmpy-16/libgcc.a(_divmod16.o)
[...]
Memory Configuration

Name             Origin             Length             Attributes
sfr              0x00000000         0x00000010
peripheral_8bit  0x00000010         0x000000f0
peripheral_16bit 0x00000100         0x00000100
ram_mirror       0x00000200         0x00000800         xw
infomem          0x00001000         0x00000100
infob            0x00001000         0x00000080
infoa            0x00001080         0x00000080
ram              0x00001100         0x00002800         xw
rom              0x00004000         0x0000bfe0         xr
vectors          0x0000ffe0         0x00000020
bsl              0x00000000         0x00000000
infoc            0x00000000         0x00000000
infod            0x00000000         0x00000000
ram2             0x00000000         0x00000000         xw
usbram           0x00000000         0x00000000         xw
far_rom          0x00000000         0x00000000
*default*        0x00000000         0xffffffff

Linker script and memory map

LOAD /usr/local/msp430/bin/../lib/gcc/msp430/4.7.0/mmpy-16/crt0ivtbl16.o
LOAD sender.co
LOAD obj_sky/contiki-sky-main.o
LOAD contiki-sky.a
LOAD /usr/local/msp430/bin/../lib/gcc/msp430/4.7.0/mmpy-16/libgcc.a
LOAD /usr/local/msp430/bin/../lib/gcc/msp430/4.7.0/../../../../msp430/lib/mmpy-16/libc.a
LOAD /usr/local/msp430/bin/../lib/gcc/msp430/4.7.0/mmpy-16/libgcc.a
LOAD /usr/local/msp430/bin/../lib/gcc/msp430/4.7.0/mmpy-16/libcrt0.a
                0x00000080                PROVIDE (__info_segment_size, 0x80)
                0x00001000                PROVIDE (__infob, 0x1000)
                0x00001080                PROVIDE (__infoa, 0x1080)
                0x00000000                __IE1 = 0x0
                0x00000002                __IFG1 = 0x2
                0x00000004                __ME1 = 0x4
                0x00000001                __IE2 = 0x1
                0x00000003                __IFG2 = 0x3
                0x00000005                __ME2 = 0x5
                0x00000120                __WDTCTL = 0x120
                0x00000130                __MPY = 0x130
                0x00000132                __MPYS = 0x132
                0x00000134                __MAC = 0x134
                0x00000136                __MACS = 0x136
                0x00000138                __OP2 = 0x138
                0x0000013a                __RESLO = 0x13a
                0x0000013c                __RESHI = 0x13c
                0x0000013e                __SUMEXT = 0x13e
                0x00000020                __P1IN = 0x20
                0x00000021                __P1OUT = 0x21
                0x00000022                __P1DIR = 0x22
                0x00000023                __P1IFG = 0x23
                0x00000024                __P1IES = 0x24
                0x00000025                __P1IE = 0x25
                0x00000026                __P1SEL = 0x26
                0x00000028                __P2IN = 0x28
                0x00000029                __P2OUT = 0x29
                0x0000002a                __P2DIR = 0x2a
                0x0000002b                __P2IFG = 0x2b
                0x0000002c                __P2IES = 0x2c
                0x0000002d                __P2IE = 0x2d
                0x0000002e                __P2SEL = 0x2e
                0x00000018                __P3IN = 0x18
                0x00000019                __P3OUT = 0x19
                0x0000001a                __P3DIR = 0x1a
                0x0000001b                __P3SEL = 0x1b
                0x0000001c                __P4IN = 0x1c
                0x0000001d                __P4OUT = 0x1d
                0x0000001e                __P4DIR = 0x1e
                0x0000001f                __P4SEL = 0x1f
                0x00000030                __P5IN = 0x30
                0x00000031                __P5OUT = 0x31
                0x00000032                __P5DIR = 0x32
                0x00000033                __P5SEL = 0x33
                0x00000034                __P6IN = 0x34
                0x00000035                __P6OUT = 0x35
                0x00000036                __P6DIR = 0x36
                0x00000037                __P6SEL = 0x37
                0x00000070                __U0CTL = 0x70
                0x00000071                __U0TCTL = 0x71
                0x00000072                __U0RCTL = 0x72
                0x00000073                __U0MCTL = 0x73
                0x00000074                __U0BR0 = 0x74
                0x00000075                __U0BR1 = 0x75
                0x00000076                __U0RXBUF = 0x76
                0x00000077                __U0TXBUF = 0x77
                0x00000078                __U1CTL = 0x78
                0x00000079                __U1TCTL = 0x79
                0x0000007a                __U1RCTL = 0x7a
                0x0000007b                __U1MCTL = 0x7b
                0x0000007c                __U1BR0 = 0x7c
                0x0000007d                __U1BR1 = 0x7d
                0x0000007e                __U1RXBUF = 0x7e
                0x0000007f                __U1TXBUF = 0x7f
                0x00000050                __I2CIE = 0x50
                0x00000051                __I2CIFG = 0x51
                0x00000052                __I2CNDAT = 0x52
                0x00000071                __I2CTCTL = 0x71
                0x00000072                __I2CDCTL = 0x72
                0x00000073                __I2CPSC = 0x73
                0x00000074                __I2CSCLH = 0x74
                0x00000075                __I2CSCLL = 0x75
                0x00000076                __I2CDRB = 0x76
                0x00000076                __I2CDRW = 0x76
                0x00000118                __I2COA = 0x118
                0x0000011a                __I2CSA = 0x11a
                0x0000011c                __I2CIV = 0x11c
                0x0000012e                __TAIV = 0x12e
                0x00000160                __TACTL = 0x160
                0x00000162                __TACCTL0 = 0x162
                0x00000164                __TACCTL1 = 0x164
                0x00000166                __TACCTL2 = 0x166
                0x00000170                __TAR = 0x170
                0x00000172                __TACCR0 = 0x172
                0x00000174                __TACCR1 = 0x174
                0x00000176                __TACCR2 = 0x176
                0x0000011e                __TBIV = 0x11e
                0x00000180                __TBCTL = 0x180
                0x00000182                __TBCCTL0 = 0x182
                0x00000184                __TBCCTL1 = 0x184
                0x00000186                __TBCCTL2 = 0x186
                0x00000188                __TBCCTL3 = 0x188
                0x0000018a                __TBCCTL4 = 0x18a
                0x0000018c                __TBCCTL5 = 0x18c
                0x0000018e                __TBCCTL6 = 0x18e
                0x00000190                __TBR = 0x190
                0x00000192                __TBCCR0 = 0x192
                0x00000194                __TBCCR1 = 0x194
                0x00000196                __TBCCR2 = 0x196
                0x00000198                __TBCCR3 = 0x198
                0x0000019a                __TBCCR4 = 0x19a
                0x0000019c                __TBCCR5 = 0x19c
                0x0000019e                __TBCCR6 = 0x19e
                0x00000056                __DCOCTL = 0x56
                0x00000057                __BCSCTL1 = 0x57
                0x00000058                __BCSCTL2 = 0x58
                0x00000055                __SVSCTL = 0x55
                0x00000128                __FCTL1 = 0x128
                0x0000012a                __FCTL2 = 0x12a
                0x0000012c                __FCTL3 = 0x12c
                0x00000059                __CACTL1 = 0x59
                0x0000005a                __CACTL2 = 0x5a
                0x0000005b                __CAPD = 0x5b
                0x000001a0                __ADC12CTL0 = 0x1a0
                0x000001a2                __ADC12CTL1 = 0x1a2
                0x000001a4                __ADC12IFG = 0x1a4
                0x000001a6                __ADC12IE = 0x1a6
                0x000001a8                __ADC12IV = 0x1a8
                0x00000140                __ADC12MEM0 = 0x140
                0x00000142                __ADC12MEM1 = 0x142
                0x00000144                __ADC12MEM2 = 0x144
                0x00000146                __ADC12MEM3 = 0x146
                0x00000148                __ADC12MEM4 = 0x148
                0x0000014a                __ADC12MEM5 = 0x14a
                0x0000014c                __ADC12MEM6 = 0x14c
                0x0000014e                __ADC12MEM7 = 0x14e
                0x00000150                __ADC12MEM8 = 0x150
                0x00000152                __ADC12MEM9 = 0x152
                0x00000154                __ADC12MEM10 = 0x154
                0x00000156                __ADC12MEM11 = 0x156
                0x00000158                __ADC12MEM12 = 0x158
                0x0000015a                __ADC12MEM13 = 0x15a
                0x0000015c                __ADC12MEM14 = 0x15c
                0x0000015e                __ADC12MEM15 = 0x15e
                0x00000080                __ADC12MCTL0 = 0x80
                0x00000081                __ADC12MCTL1 = 0x81
                0x00000082                __ADC12MCTL2 = 0x82
                0x00000083                __ADC12MCTL3 = 0x83
                0x00000084                __ADC12MCTL4 = 0x84
                0x00000085                __ADC12MCTL5 = 0x85
                0x00000086                __ADC12MCTL6 = 0x86
                0x00000087                __ADC12MCTL7 = 0x87
                0x00000088                __ADC12MCTL8 = 0x88
                0x00000089                __ADC12MCTL9 = 0x89
                0x0000008a                __ADC12MCTL10 = 0x8a
                0x0000008b                __ADC12MCTL11 = 0x8b
                0x0000008c                __ADC12MCTL12 = 0x8c
                0x0000008d                __ADC12MCTL13 = 0x8d
                0x0000008e                __ADC12MCTL14 = 0x8e
                0x0000008f                __ADC12MCTL15 = 0x8f
                0x000001c0                __DAC12_0CTL = 0x1c0
                0x000001c2                __DAC12_1CTL = 0x1c2
                0x000001c8                __DAC12_0DAT = 0x1c8
                0x000001ca                __DAC12_1DAT = 0x1ca
                0x00000122                __DMACTL0 = 0x122
                0x00000124                __DMACTL1 = 0x124
                0x000001e0                __DMA0CTL = 0x1e0
                0x000001e8                __DMA1CTL = 0x1e8
                0x000001f0                __DMA2CTL = 0x1f0
                0x000001e2                __DMA0SA = 0x1e2
                0x000001e4                __DMA0DA = 0x1e4
                0x000001e6                __DMA0SZ = 0x1e6
                0x000001ea                __DMA1SA = 0x1ea
                0x000001ec                __DMA1DA = 0x1ec
                0x000001ee                __DMA1SZ = 0x1ee
                0x000001f2                __DMA2SA = 0x1f2
                0x000001f4                __DMA2DA = 0x1f4
                0x000001f6                __DMA2SZ = 0x1f6

.hash
 *(.hash)

.dynsym
 *(.dynsym)

.dynstr
 *(.dynstr)

.gnu.version
 *(.gnu.version)

.gnu.version_d
 *(.gnu.version_d)

.gnu.version_r
 *(.gnu.version_r)

.rel.init
 *(.rel.init)

.rela.init
 *(.rela.init)

.rel.fini
 *(.rel.fini)

.rela.fini
 *(.rela.fini)

.rel.text
 *(.rel.text .rel.text.* .rel.gnu.linkonce.t.*)

.rela.text
 *(.rela.text .rela.text.* .rela.gnu.linkonce.t.*)

.rel.rodata
 *(.rel.rodata .rel.rodata.* .rel.gnu.linkonce.r.*)

.rela.rodata
 *(.rela.rodata .rela.rodata.* .rela.gnu.linkonce.r.*)

.rel.data
 *(.rel.data .rel.data.* .rel.gnu.linkonce.d.*)

.rela.data
 *(.rela.data .rela.data.* .rela.gnu.linkonce.d.*)

.rel.bss
 *(.rel.bss .rel.bss.* .rel.gnu.linkonce.b.*)

.rela.bss
 *(.rela.bss .rela.bss.* .rela.gnu.linkonce.b.*)

.rel.ctors
 *(.rel.ctors)

.rela.ctors
 *(.rela.ctors)

.rel.dtors
 *(.rel.dtors)

.rela.dtors
 *(.rela.dtors)

.rel.got
 *(.rel.got)

.rela.got
 *(.rela.got)

.rel.plt
 *(.rel.plt)

.rela.plt
 *(.rela.plt)

.text           0x00004000     0xaf5e
                0x00004000                . = ALIGN (0x2)
 *(.init .init.*)
 *(.init0)
 .init0         0x00004000        0x0 /usr/local/msp430/bin/../lib/gcc/msp430/4.7.0/mmpy-16/libcrt0.a(_reset_vector__.o)
                0x00004000                _reset_vector__
 *(.init1)
 .init1         0x00004000        0xc /usr/local/msp430/bin/../lib/gcc/msp430/4.7.0/mmpy-16/libcrt0.a(__watchdog_support.o)
                0x00004000                __watchdog_support
 *(.init2)
 .init2         0x0000400c        0x4 /usr/local/msp430/bin/../lib/gcc/msp430/4.7.0/mmpy-16/libcrt0.a(__init_stack.o)
                0x0000400c                __init_stack
 *(.init3)
 .init3         0x00004010        0x0 /usr/local/msp430/bin/../lib/gcc/msp430/4.7.0/mmpy-16/libcrt0.a(__low_level_init.o)
                0x00004010                __low_level_init
 *(.init4)
 .init4         0x00004010       0x18 /usr/local/msp430/bin/../lib/gcc/msp430/4.7.0/mmpy-16/libcrt0.a(_copy_data.o)
                0x00004010                __do_copy_data
 .init4         0x00004028       0x16 /usr/local/msp430/bin/../lib/gcc/msp430/4.7.0/mmpy-16/libcrt0.a(_clear_bss.o)
                0x00004028                __do_clear_bss
 *(.init5)
 *(.init6)
 *(.init7)
 *(.init8)
 *(.init9)
 .init9         0x0000403e      0x33e obj_sky/contiki-sky-main.o
                0x0000403e                main
 *(.fini9)
 .fini9         0x0000437c        0x0 /usr/local/msp430/bin/../lib/gcc/msp430/4.7.0/mmpy-16/libcrt0.a(__stop_progExec__.o)
                0x0000437c                __stop_progExec__
 *(.fini8)
 *(.fini7)
 *(.fini6)
 *(.fini5)
 *(.fini4)
 *(.fini3)
 *(.fini2)
 *(.fini1)
 *(.fini0)
 .fini0         0x0000437c        0x6 /usr/local/msp430/bin/../lib/gcc/msp430/4.7.0/mmpy-16/libcrt0.a(_endless_loop__.o)
                0x0000437c                _endless_loop__
 *(.fini .fini.*)
                0x00004382                . = ALIGN (0x2)
                0x00004382                __ctors_start = .
 *(.ctors)
                0x00004382                __ctors_end = .
                0x00004382                __dtors_start = .
 *(.dtors)
                0x00004382                __dtors_end = .
                0x00004382                . = ALIGN (0x2)
 *(.text .text.* .gnu.linkonce.t.*)
 .text          0x00004382        0x4 /usr/local/msp430/bin/../lib/gcc/msp430/4.7.0/mmpy-16/crt0ivtbl16.o
                0x00004382                __isr_14
                0x00004382                __isr_11
                0x00004382                __isr_2
                0x00004382                __isr_7
                0x00004382                __isr_0
                0x00004382                __isr_8
                0x00004382                __isr_3
                0x00004382                __isr_12
                0x00004382                __isr_13
                0x00004382                __isr_9
 .text.checkBattery
                0x00004386       0x74 sender.co
 .text.process_thread_sender_process
                0x000043fa      0x1b8 sender.co
 .text.init_platform
                0x000045b2        0xc contiki-sky.a(contiki-sky-pla)
                0x000045b2                init_platform
 .text.value    0x000045be        0x6 contiki-sky.a(battery-sensor.)
 .text.status   0x000045c4        0xc contiki-sky.a(battery-sensor.)
 .text.configure
                0x000045d0       0x12 contiki-sky.a(battery-sensor.)
 .text.status   0x000045e2       0x18 contiki-sky.a(button-sensor.o)
 .text.value    0x000045fa       0x20 contiki-sky.a(button-sensor.o)
 .text.configure
                0x0000461a       0x4c contiki-sky.a(button-sensor.o)
 .text.irq_p2   0x00004666       0x88 contiki-sky.a(button-sensor.o)
                0x00004666                irq_p2
                0x00004666                __isr_1
 .text.owreadb  0x000046ee       0x50 contiki-sky.a(ds2411.o)
 .text.ds2411_init
                0x0000473e      0x120 contiki-sky.a(ds2411.o)
                0x0000473e                ds2411_init
 .text.wait_ready
                0x0000485e       0x4a contiki-sky.a(xmem.o)
 .text.xmem_init
                0x000048a8       0x3c contiki-sky.a(xmem.o)
                0x000048a8                xmem_init
 .text.xmem_pread
                0x000048e4       0xe0 contiki-sky.a(xmem.o)
                0x000048e4                xmem_pread
 .text.node_id_restore
                0x000049c4       0x38 contiki-sky.a(node-id.o)
                0x000049c4                node_id_restore
 .text.process_thread_sensors_process
                0x000049fc       0xc2 contiki-sky.a(sensors.o)
 .text.sensors_changed
                0x00004abe       0x2a contiki-sky.a(sensors.o)
                0x00004abe                sensors_changed
 .text.get_object
                0x00004ae8        0x4 contiki-sky.a(cc2420.o)
 .text.set_object
                0x00004aec        0x4 contiki-sky.a(cc2420.o)
 .text.strobe   0x00004af0       0x1c contiki-sky.a(cc2420.o)
 .text.getreg   0x00004b0c       0x4c contiki-sky.a(cc2420.o)
 .text.setreg   0x00004b58       0x4c contiki-sky.a(cc2420.o)
 .text.write_ram
                0x00004ba4       0x7c contiki-sky.a(cc2420.o)
 .text.write_fifo_buf
                0x00004c20       0x3c contiki-sky.a(cc2420.o)
 .text.get_status
                0x00004c5c       0x20 contiki-sky.a(cc2420.o)
 .text.set_txpower
                0x00004c7c       0x24 contiki-sky.a(cc2420.o)
 .text.cc2420_receiving_packet
                0x00004ca0        0xc contiki-sky.a(cc2420.o)
 .text.pending_packet
                0x00004cac        0x8 contiki-sky.a(cc2420.o)
 .text.on       0x00004cb4       0x26 contiki-sky.a(cc2420.o)
 .text.wait_for_transmission
                0x00004cda       0x22 contiki-sky.a(cc2420.o)
 .text.wait_for_status
                0x00004cfc       0x28 contiki-sky.a(cc2420.o)
 .text.getrxdata
                0x00004d24       0x50 contiki-sky.a(cc2420.o)
 .text.flushrx  0x00004d74       0x1a contiki-sky.a(cc2420.o)
 .text.off      0x00004d8e       0x5e contiki-sky.a(cc2420.o)
 .text.RELEASE_LOCK
                0x00004dec       0x28 contiki-sky.a(cc2420.o)
 .text.set_key  0x00004e14       0x18 contiki-sky.a(cc2420.o)
 .text.set_frame_filtering
                0x00004e2c       0x30 contiki-sky.a(cc2420.o)
 .text.set_auto_ack
                0x00004e5c       0x30 contiki-sky.a(cc2420.o)
 .text.set_poll_mode
                0x00004e8c       0x2c contiki-sky.a(cc2420.o)
 .text.cc2420_prepare
                0x00004eb8       0x3c contiki-sky.a(cc2420.o)
 .text.cc2420_on
                0x00004ef4       0x22 contiki-sky.a(cc2420.o)
                0x00004ef4                cc2420_on
 .text.cc2420_off
                0x00004f16       0x30 contiki-sky.a(cc2420.o)
                0x00004f16                cc2420_off
 .text.cc2420_cca
                0x00004f46       0x68 contiki-sky.a(cc2420.o)
 .text.cc2420_read
                0x00004fae       0xbc contiki-sky.a(cc2420.o)
 .text.process_thread_cc2420_process
                0x0000506a       0x5c contiki-sky.a(cc2420.o)
 .text.encrypt  0x000050c6       0x88 contiki-sky.a(cc2420.o)
 .text.cc2420_set_channel
                0x0000514e       0x3c contiki-sky.a(cc2420.o)
                0x0000514e                cc2420_set_channel
 .text.cc2420_set_pan_addr
                0x0000518a       0x4c contiki-sky.a(cc2420.o)
                0x0000518a                cc2420_set_pan_addr
 .text.cc2420_interrupt
                0x000051d6       0x16 contiki-sky.a(cc2420.o)
                0x000051d6                cc2420_interrupt
 .text.cc2420_set_txpower
                0x000051ec        0xe contiki-sky.a(cc2420.o)
                0x000051ec                cc2420_set_txpower
 .text.cc2420_get_txpower
                0x000051fa       0x1e contiki-sky.a(cc2420.o)
                0x000051fa                cc2420_get_txpower
 .text.cc2420_transmit
                0x00005218      0x116 contiki-sky.a(cc2420.o)
 .text.cc2420_send
                0x0000532e       0x12 contiki-sky.a(cc2420.o)
 .text.cc2420_rssi
                0x00005340       0x4c contiki-sky.a(cc2420.o)
                0x00005340                cc2420_rssi
 .text.get_value
                0x0000538c      0x104 contiki-sky.a(cc2420.o)
 .text.cc2420_set_cca_threshold
                0x00005490       0x16 contiki-sky.a(cc2420.o)
                0x00005490                cc2420_set_cca_threshold
 .text.set_value
                0x000054a6       0xb8 contiki-sky.a(cc2420.o)
 .text.cc2420_init
                0x0000555e       0xea contiki-sky.a(cc2420.o)
                0x0000555e                cc2420_init
 .text.cc2420_port1_interrupt
                0x00005648       0x62 contiki-sky.a(cc2420-arch.o)
                0x00005648                __isr_4
                0x00005648                cc2420_port1_interrupt
 .text.cc2420_arch_init
                0x000056aa       0x1a contiki-sky.a(cc2420-arch.o)
                0x000056aa                cc2420_arch_init
 .text.sky_sensors_status
                0x000056c4       0x3c contiki-sky.a(sky-sensors.o)
                0x000056c4                sky_sensors_status
 .text.sky_sensors_configure
                0x00005700       0xee contiki-sky.a(sky-sensors.o)
                0x00005700                sky_sensors_configure
 .text.uart1_active
                0x000057ee       0x18 contiki-sky.a(uart1.o)
                0x000057ee                uart1_active
 .text.uart1_writeb
                0x00005806       0x18 contiki-sky.a(uart1.o)
                0x00005806                uart1_writeb
 .text.uart1_init
                0x0000581e       0xf4 contiki-sky.a(uart1.o)
                0x0000581e                uart1_init
 .text.putchar  0x00005912       0x10 contiki-sky.a(uart1-putchar.o)
                0x00005912                putchar
 .text.msp430_init_dco
                0x00005922       0x82 contiki-sky.a(msp430.o)
                0x00005922                msp430_init_dco
 .text.msp430_add_lpm_req
                0x000059a4        0xc contiki-sky.a(msp430.o)
                0x000059a4                msp430_add_lpm_req
 .text.msp430_cpu_init
                0x000059b0       0x2a contiki-sky.a(msp430.o)
                0x000059b0                msp430_cpu_init
 .text.splhigh_
                0x000059da        0x8 contiki-sky.a(msp430.o)
                0x000059da                splhigh_
 .text.msp430_sync_dco
                0x000059e2       0x6c contiki-sky.a(msp430.o)
                0x000059e2                msp430_sync_dco
 .text.timera1  0x00005a4e      0x11e contiki-sky.a(clock.o)
                0x00005a4e                __isr_5
                0x00005a4e                timera1
 .text.clock_time
                0x00005b6c       0x1a contiki-sky.a(clock.o)
                0x00005b6c                clock_time
 .text.clock_init
                0x00005b86       0x28 contiki-sky.a(clock.o)
                0x00005b86                clock_init
 .text.clock_delay
                0x00005bae        0xc contiki-sky.a(clock.o)
                0x00005bae                clock_delay
 .text.clock_seconds
                0x00005bba       0x1a contiki-sky.a(clock.o)
                0x00005bba                clock_seconds
 .text.show_leds
                0x00005bd4       0xf0 contiki-sky.a(leds.o)
 .text.leds_init
                0x00005cc4        0xa contiki-sky.a(leds.o)
                0x00005cc4                leds_init
 .text.leds_on  0x00005cce        0xa contiki-sky.a(leds.o)
                0x00005cce                leds_on
 .text.leds_off
                0x00005cd8        0xe contiki-sky.a(leds.o)
                0x00005cd8                leds_off
 .text.leds_toggle
                0x00005ce6        0xa contiki-sky.a(leds.o)
                0x00005ce6                leds_toggle
 .text.leds_arch_init
                0x00005cf0        0xe contiki-sky.a(leds-arch.o)
                0x00005cf0                leds_arch_init
 .text.leds_arch_set
                0x00005cfe       0x38 contiki-sky.a(leds-arch.o)
                0x00005cfe                leds_arch_set
 .text.watchdog_interrupt
                0x00005d36        0x6 contiki-sky.a(watchdog.o)
                0x00005d36                __isr_10
                0x00005d36                watchdog_interrupt
 .text.watchdog_start
                0x00005d3c       0x14 contiki-sky.a(watchdog.o)
                0x00005d3c                watchdog_start
 .text.watchdog_periodic
                0x00005d50       0x12 contiki-sky.a(watchdog.o)
                0x00005d50                watchdog_periodic
 .text.watchdog_stop
                0x00005d62       0x16 contiki-sky.a(watchdog.o)
                0x00005d62                watchdog_stop
 .text.watchdog_init
                0x00005d78       0x12 contiki-sky.a(watchdog.o)
                0x00005d78                watchdog_init
 .text.rtimer_arch_init
                0x00005d8a        0xe contiki-sky.a(rtimer-arch.o)
                0x00005d8a                rtimer_arch_init
 .text.rtimer_arch_now
                0x00005d98        0xe contiki-sky.a(rtimer-arch.o)
                0x00005d98                rtimer_arch_now
 .text.timera0  0x00005da6       0x70 contiki-sky.a(rtimer-arch.o)
                0x00005da6                __isr_6
                0x00005da6                timera0
 .text.rtimer_arch_schedule
                0x00005e16        0x6 contiki-sky.a(rtimer-arch.o)
                0x00005e16                rtimer_arch_schedule
 .text.autostart_start
                0x00005e1c       0x16 contiki-sky.a(autostart.o)
                0x00005e1c                autostart_start
 .text.process_thread_ctimer_process
                0x00005e32       0xa8 contiki-sky.a(ctimer.o)
 .text.ctimer_init
                0x00005eda       0x18 contiki-sky.a(ctimer.o)
                0x00005eda                ctimer_init
 .text.ctimer_set_with_process
                0x00005ef2       0x4e contiki-sky.a(ctimer.o)
                0x00005ef2                ctimer_set_with_process
 .text.ctimer_set
                0x00005f40       0x10 contiki-sky.a(ctimer.o)
                0x00005f40                ctimer_set
 .text.ctimer_reset
                0x00005f50       0x30 contiki-sky.a(ctimer.o)
                0x00005f50                ctimer_reset
 .text.ctimer_restart
                0x00005f80       0x30 contiki-sky.a(ctimer.o)
                0x00005f80                ctimer_restart
 .text.ctimer_stop
                0x00005fb0       0x28 contiki-sky.a(ctimer.o)
                0x00005fb0                ctimer_stop
 .text.energest_init
                0x00005fd8       0x26 contiki-sky.a(energest.o)
                0x00005fd8                energest_init
 .text.energest_type_time
                0x00005ffe       0x48 contiki-sky.a(energest.o)
                0x00005ffe                energest_type_time
 .text.energest_type_set
                0x00006046        0xe contiki-sky.a(energest.o)
                0x00006046                energest_type_set
 .text.energest_flush
                0x00006054       0x48 contiki-sky.a(energest.o)
                0x00006054                energest_flush
 .text.update_time
                0x0000609c       0x78 contiki-sky.a(etimer.o)
 .text.etimer_request_poll
                0x00006114        0xa contiki-sky.a(etimer.o)
                0x00006114                etimer_request_poll
 .text.process_thread_etimer_process
                0x0000611e       0xcc contiki-sky.a(etimer.o)
 .text.add_timer
                0x000061ea       0x40 contiki-sky.a(etimer.o)
 .text.etimer_set
                0x0000622a       0x12 contiki-sky.a(etimer.o)
                0x0000622a                etimer_set
 .text.etimer_reset
                0x0000623c       0x12 contiki-sky.a(etimer.o)
                0x0000623c                etimer_reset
 .text.etimer_restart
                0x0000624e       0x12 contiki-sky.a(etimer.o)
                0x0000624e                etimer_restart
 .text.etimer_expired
                0x00006260        0xe contiki-sky.a(etimer.o)
                0x00006260                etimer_expired
 .text.etimer_expiration_time
                0x0000626e       0x14 contiki-sky.a(etimer.o)
                0x0000626e                etimer_expiration_time
 .text.etimer_pending
                0x00006282        0xc contiki-sky.a(etimer.o)
                0x00006282                etimer_pending
 .text.etimer_next_expiration_time
                0x0000628e       0x16 contiki-sky.a(etimer.o)
                0x0000628e                etimer_next_expiration_time
 .text.etimer_stop
                0x000062a4       0x3e contiki-sky.a(etimer.o)
                0x000062a4                etimer_stop
 .text.call_process
                0x000062e2       0x46 contiki-sky.a(process.o)
 .text.exit_process
                0x00006328       0x96 contiki-sky.a(process.o)
 .text.do_poll  0x000063be       0x30 contiki-sky.a(process.o)
 .text.process_alloc_event
                0x000063ee        0xe contiki-sky.a(process.o)
                0x000063ee                process_alloc_event
 .text.process_init
                0x000063fc       0x1c contiki-sky.a(process.o)
                0x000063fc                process_init
 .text.process_run
                0x00006418       0x92 contiki-sky.a(process.o)
                0x00006418                process_run
 .text.process_nevents
                0x000064aa        0xe contiki-sky.a(process.o)
                0x000064aa                process_nevents
 .text.process_post
                0x000064b8       0x4e contiki-sky.a(process.o)
                0x000064b8                process_post
 .text.process_post_synch
                0x00006506       0x12 contiki-sky.a(process.o)
                0x00006506                process_post_synch
 .text.process_start
                0x00006518       0x36 contiki-sky.a(process.o)
                0x00006518                process_start
 .text.process_poll
                0x0000654e       0x18 contiki-sky.a(process.o)
                0x0000654e                process_poll
 .text.rtimer_init
                0x00006566        0x6 contiki-sky.a(rtimer.o)
                0x00006566                rtimer_init
 .text.rtimer_run_next
                0x0000656c       0x26 contiki-sky.a(rtimer.o)
                0x0000656c                rtimer_run_next
 .text.timer_set
                0x00006592       0x1c contiki-sky.a(timer.o)
                0x00006592                timer_set
 .text.timer_reset
                0x000065ae        0xe contiki-sky.a(timer.o)
                0x000065ae                timer_reset
 .text.timer_restart
                0x000065bc       0x14 contiki-sky.a(timer.o)
                0x000065bc                timer_restart
 .text.timer_expired
                0x000065d0       0x2a contiki-sky.a(timer.o)
                0x000065d0                timer_expired
 .text.list_init
                0x000065fa        0x6 contiki-sky.a(list.o)
                0x000065fa                list_init
 .text.list_head
                0x00006600        0x4 contiki-sky.a(list.o)
                0x00006600                list_head
 .text.list_tail
                0x00006604       0x12 contiki-sky.a(list.o)
                0x00006604                list_tail
 .text.list_remove
                0x00006616       0x34 contiki-sky.a(list.o)
                0x00006616                list_remove
 .text.list_push
                0x0000664a       0x1a contiki-sky.a(list.o)
                0x0000664a                list_push
 .text.list_add
                0x00006664       0x2a contiki-sky.a(list.o)
                0x00006664                list_add
 .text.list_length
                0x0000668e       0x10 contiki-sky.a(list.o)
                0x0000668e                list_length
 .text.list_item_next
                0x0000669e        0xc contiki-sky.a(list.o)
                0x0000669e                list_item_next
 .text.random_init
                0x000066aa        0x6 contiki-sky.a(random.o)
                0x000066aa                random_init
 .text.random_rand
                0x000066b0        0x6 contiki-sky.a(random.o)
                0x000066b0                random_rand
 .text.clear_fragments
                0x000066b6       0x40 contiki-sky.a(sicslowpan.o)
 .text.set_packet_attrs
                0x000066f6       0x46 contiki-sky.a(sicslowpan.o)
 .text.addr_context_lookup_by_number
                0x0000673c       0x32 contiki-sky.a(sicslowpan.o)
 .text.compress_addr_64
                0x0000676e       0xae contiki-sky.a(sicslowpan.o)
 .text.store_fragment
                0x0000681c       0xc8 contiki-sky.a(sicslowpan.o)
 .text.uncompress_addr
                0x000068e4       0xb4 contiki-sky.a(sicslowpan.o)
 .text.sicslowpan_init
                0x00006998       0x24 contiki-sky.a(sicslowpan.o)
                0x00006998                sicslowpan_init
 .text.addr_context_lookup_by_prefix
                0x000069bc       0x4c contiki-sky.a(sicslowpan.o)
 .text.packet_sent
                0x00006a08       0x22 contiki-sky.a(sicslowpan.o)
 .text.add_fragment
                0x00006a2a      0x1ec contiki-sky.a(sicslowpan.o)
 .text.input    0x00006c16      0x6dc contiki-sky.a(sicslowpan.o)
 .text.send_packet
                0x000072f2       0x1a contiki-sky.a(sicslowpan.o)
 .text.output   0x0000730c      0x6bc contiki-sky.a(sicslowpan.o)
 .text.chksum   0x000079c8       0x32 contiki-sky.a(uip6.o)
 .text.upper_layer_chksum
                0x000079fa       0x56 contiki-sky.a(uip6.o)
 .text.ext_hdr_options_process
                0x00007a50       0xd0 contiki-sky.a(uip6.o)
 .text.uip_add32
                0x00007b20       0x68 contiki-sky.a(uip6.o)
                0x00007b20                uip_add32
 .text.uip_add_rcv_nxt
                0x00007b88       0x2e contiki-sky.a(uip6.o)
 .text.uip_icmp6chksum
                0x00007bb6        0xa contiki-sky.a(uip6.o)
                0x00007bb6                uip_icmp6chksum
 .text.uip_tcpchksum
                0x00007bc0        0xa contiki-sky.a(uip6.o)
                0x00007bc0                uip_tcpchksum
 .text.uip_udpchksum
                0x00007bca        0xa contiki-sky.a(uip6.o)
                0x00007bca                uip_udpchksum
 .text.uip_init
                0x00007bd4       0x56 contiki-sky.a(uip6.o)
                0x00007bd4                uip_init
 .text.remove_ext_hdr
                0x00007c2a       0x54 contiki-sky.a(uip6.o)
                0x00007c2a                remove_ext_hdr
 .text.uip_udp_new
                0x00007c7e       0xae contiki-sky.a(uip6.o)
                0x00007c7e                uip_udp_new
 .text.uip_unlisten
                0x00007d2c       0x1a contiki-sky.a(uip6.o)
                0x00007d2c                uip_unlisten
 .text.uip_process
                0x00007d46      0xe08 contiki-sky.a(uip6.o)
                0x00007d46                uip_process
 .text.uip_htonl
                0x00008b4e       0x2e contiki-sky.a(uip6.o)
                0x00008b4e                uip_htonl
 .text.uip_ds6_list_loop
                0x00008b7c       0x86 contiki-sky.a(uip-ds6.o)
                0x00008b7c                uip_ds6_list_loop
 .text.uip_ds6_prefix_add
                0x00008c02       0x80 contiki-sky.a(uip-ds6.o)
                0x00008c02                uip_ds6_prefix_add
 .text.uip_ds6_is_addr_onlink
                0x00008c82       0x54 contiki-sky.a(uip-ds6.o)
                0x00008c82                uip_ds6_is_addr_onlink
 .text.uip_ds6_addr_lookup
                0x00008cd6       0x2a contiki-sky.a(uip-ds6.o)
                0x00008cd6                uip_ds6_addr_lookup
 .text.uip_ds6_get_link_local
                0x00008d00       0x3e contiki-sky.a(uip-ds6.o)
                0x00008d00                uip_ds6_get_link_local
 .text.uip_ds6_maddr_add
                0x00008d3e       0x4c contiki-sky.a(uip-ds6.o)
                0x00008d3e                uip_ds6_maddr_add
 .text.uip_ds6_addr_add
                0x00008d8a       0xc4 contiki-sky.a(uip-ds6.o)
                0x00008d8a                uip_ds6_addr_add
 .text.uip_ds6_maddr_rm
                0x00008e4e        0xa contiki-sky.a(uip-ds6.o)
                0x00008e4e                uip_ds6_maddr_rm
 .text.uip_ds6_maddr_lookup
                0x00008e58       0x2a contiki-sky.a(uip-ds6.o)
                0x00008e58                uip_ds6_maddr_lookup
 .text.uip_ds6_addr_rm
                0x00008e82       0x54 contiki-sky.a(uip-ds6.o)
                0x00008e82                uip_ds6_addr_rm
 .text.uip_ds6_periodic
                0x00008ed6       0x46 contiki-sky.a(uip-ds6.o)
                0x00008ed6                uip_ds6_periodic
 .text.uip_ds6_set_addr_iid
                0x00008f1c       0x14 contiki-sky.a(uip-ds6.o)
                0x00008f1c                uip_ds6_set_addr_iid
 .text.get_match_length
                0x00008f30       0x44 contiki-sky.a(uip-ds6.o)
                0x00008f30                get_match_length
 .text.uip_ds6_select_src
                0x00008f74       0xaa contiki-sky.a(uip-ds6.o)
                0x00008f74                uip_ds6_select_src
 .text.uip_ds6_compute_reachable_time
                0x0000901e       0x3e contiki-sky.a(uip-ds6.o)
                0x0000901e                uip_ds6_compute_reachable_time
 .text.uip_ds6_init
                0x0000905c      0x154 contiki-sky.a(uip-ds6.o)
                0x0000905c                uip_ds6_init
 .text.uip_ds6_nbr_rm
                0x000091b0       0x1e contiki-sky.a(uip-ds6-nbr.o)
                0x000091b0                uip_ds6_nbr_rm
 .text.uip_ds6_neighbors_init
                0x000091ce       0x12 contiki-sky.a(uip-ds6-nbr.o)
                0x000091ce                uip_ds6_neighbors_init
 .text.uip_ds6_nbr_add
                0x000091e0       0x3e contiki-sky.a(uip-ds6-nbr.o)
                0x000091e0                uip_ds6_nbr_add
 .text.uip_ds6_nbr_get_ll
                0x0000921e        0xc contiki-sky.a(uip-ds6-nbr.o)
                0x0000921e                uip_ds6_nbr_get_ll
 .text.uip_ds6_nbr_lookup
                0x0000922a       0x42 contiki-sky.a(uip-ds6-nbr.o)
                0x0000922a                uip_ds6_nbr_lookup
 .text.uip_ds6_nbr_ll_lookup
                0x0000926c        0xc contiki-sky.a(uip-ds6-nbr.o)
                0x0000926c                uip_ds6_nbr_ll_lookup
 .text.uip_ds6_nbr_ipaddr_from_lladdr
                0x00009278        0x6 contiki-sky.a(uip-ds6-nbr.o)
                0x00009278                uip_ds6_nbr_ipaddr_from_lladdr
 .text.uip_ds6_nbr_lladdr_from_ipaddr
                0x0000927e       0x12 contiki-sky.a(uip-ds6-nbr.o)
                0x0000927e                uip_ds6_nbr_lladdr_from_ipaddr
 .text.uip_ds6_link_neighbor_callback
                0x00009290       0x36 contiki-sky.a(uip-ds6-nbr.o)
                0x00009290                uip_ds6_link_neighbor_callback
 .text.call_route_callback
                0x000092c6       0x4c contiki-sky.a(uip-ds6-route.o)
 .text.uip_ds6_route_init
                0x00009312       0x36 contiki-sky.a(uip-ds6-route.o)
                0x00009312                uip_ds6_route_init
 .text.uip_ds6_route_nexthop
                0x00009348       0x1a contiki-sky.a(uip-ds6-route.o)
                0x00009348                uip_ds6_route_nexthop
 .text.uip_ds6_route_head
                0x00009362        0xa contiki-sky.a(uip-ds6-route.o)
                0x00009362                uip_ds6_route_head
 .text.uip_ds6_route_next
                0x0000936c        0xe contiki-sky.a(uip-ds6-route.o)
                0x0000936c                uip_ds6_route_next
 .text.uip_ds6_route_is_nexthop
                0x0000937a       0x22 contiki-sky.a(uip-ds6-route.o)
                0x0000937a                uip_ds6_route_is_nexthop
 .text.uip_ds6_route_lookup
                0x0000939c       0x8c contiki-sky.a(uip-ds6-route.o)
                0x0000939c                uip_ds6_route_lookup
 .text.uip_ds6_route_rm
                0x00009428       0xa6 contiki-sky.a(uip-ds6-route.o)
                0x00009428                uip_ds6_route_rm
 .text.rm_routelist
                0x000094ce       0x34 contiki-sky.a(uip-ds6-route.o)
 .text.rm_routelist_callback
                0x00009502        0x6 contiki-sky.a(uip-ds6-route.o)
 .text.uip_ds6_route_add
                0x00009508      0x110 contiki-sky.a(uip-ds6-route.o)
                0x00009508                uip_ds6_route_add
 .text.uip_ds6_defrt_rm
                0x00009618       0x48 contiki-sky.a(uip-ds6-route.o)
                0x00009618                uip_ds6_defrt_rm
 .text.uip_ds6_defrt_lookup
                0x00009660       0x36 contiki-sky.a(uip-ds6-route.o)
                0x00009660                uip_ds6_defrt_lookup
 .text.uip_ds6_defrt_add
                0x00009696       0x74 contiki-sky.a(uip-ds6-route.o)
                0x00009696                uip_ds6_defrt_add
 .text.uip_ds6_defrt_choose
                0x0000970a       0x3a contiki-sky.a(uip-ds6-route.o)
                0x0000970a                uip_ds6_defrt_choose
 .text.uip_ds6_defrt_periodic
                0x00009744       0x38 contiki-sky.a(uip-ds6-route.o)
                0x00009744                uip_ds6_defrt_periodic
 .text.echo_reply_input
                0x0000977c       0xb2 contiki-sky.a(uip-icmp6.o)
 .text.echo_request_input
                0x0000982e       0xca contiki-sky.a(uip-icmp6.o)
 .text.uip_icmp6_input
                0x000098f8       0x48 contiki-sky.a(uip-icmp6.o)
                0x000098f8                uip_icmp6_input
 .text.uip_icmp6_register_input_handler
                0x00009940        0xc contiki-sky.a(uip-icmp6.o)
                0x00009940                uip_icmp6_register_input_handler
 .text.uip_icmp6_error_output
                0x0000994c      0x180 contiki-sky.a(uip-icmp6.o)
                0x0000994c                uip_icmp6_error_output
 .text.uip_icmp6_send
                0x00009acc       0x94 contiki-sky.a(uip-icmp6.o)
                0x00009acc                uip_icmp6_send
 .text.uip_icmp6_init
                0x00009b60       0x12 contiki-sky.a(uip-icmp6.o)
                0x00009b60                uip_icmp6_init
 .text.ns_input
                0x00009b72      0x268 contiki-sky.a(uip-nd6.o)
 .text.uip_nd6_init
                0x00009dda        0xa contiki-sky.a(uip-nd6.o)
                0x00009dda                uip_nd6_init
 .text.start_periodic_tcp_timer
                0x00009de4       0x16 contiki-sky.a(tcpip.o)
 .text.tcpip_output
                0x00009dfa       0x10 contiki-sky.a(tcpip.o)
                0x00009dfa                tcpip_output
 .text.tcpip_set_outputfunc
                0x00009e0a        0x6 contiki-sky.a(tcpip.o)
                0x00009e0a                tcpip_set_outputfunc
 .text.udp_new  0x00009e10       0x1a contiki-sky.a(tcpip.o)
                0x00009e10                udp_new
 .text.tcpip_input
                0x00009e2a       0x16 contiki-sky.a(tcpip.o)
                0x00009e2a                tcpip_input
 .text.tcpip_ipv6_output
                0x00009e40       0xcc contiki-sky.a(tcpip.o)
                0x00009e40                tcpip_ipv6_output
 .text.process_thread_tcpip_process
                0x00009f0c      0x1bc contiki-sky.a(tcpip.o)
 .text.tcpip_uipcall
                0x0000a0c8       0x62 contiki-sky.a(tcpip.o)
                0x0000a0c8                tcpip_uipcall
 .text.uip_debug_ipaddr_print
                0x0000a12a       0xc8 contiki-sky.a(uip-debug.o)
                0x0000a12a                uip_debug_ipaddr_print
 .text.uip_udp_packet_send
                0x0000a1f2       0x2a contiki-sky.a(uip-udp-packet.)
                0x0000a1f2                uip_udp_packet_send
 .text.uip_udp_packet_sendto
                0x0000a21c       0x66 contiki-sky.a(uip-udp-packet.)
                0x0000a21c                uip_udp_packet_sendto
 .text.rpl_get_mode
                0x0000a282        0x6 contiki-sky.a(rpl.o)
                0x0000a282                rpl_get_mode
 .text.rpl_purge_routes
                0x0000a288       0x94 contiki-sky.a(rpl.o)
                0x0000a288                rpl_purge_routes
 .text.rpl_remove_routes
                0x0000a31c       0x22 contiki-sky.a(rpl.o)
                0x0000a31c                rpl_remove_routes
 .text.rpl_remove_routes_by_nexthop
                0x0000a33e       0x46 contiki-sky.a(rpl.o)
                0x0000a33e                rpl_remove_routes_by_nexthop
 .text.rpl_add_route
                0x0000a384       0x5c contiki-sky.a(rpl.o)
                0x0000a384                rpl_add_route
 .text.rpl_link_neighbor_callback
                0x0000a3e0       0x4c contiki-sky.a(rpl.o)
                0x0000a3e0                rpl_link_neighbor_callback
 .text.rpl_ipv6_neighbor_callback
                0x0000a42c       0x1e contiki-sky.a(rpl.o)
                0x0000a42c                rpl_ipv6_neighbor_callback
 .text.rpl_purge_dags
                0x0000a44a       0x70 contiki-sky.a(rpl.o)
                0x0000a44a                rpl_purge_dags
 .text.rpl_init
                0x0000a4ba       0x44 contiki-sky.a(rpl.o)
                0x0000a4ba                rpl_init
 .text.lollipop_greater_than
                0x0000a4fe       0x3c contiki-sky.a(rpl-dag.o)
 .text.find_parent_any_dag_any_instance
                0x0000a53a       0x14 contiki-sky.a(rpl-dag.o)
 .text.rpl_set_preferred_parent
                0x0000a54e       0x30 contiki-sky.a(rpl-dag.o)
 .text.set_ip_from_prefix
                0x0000a57e       0x38 contiki-sky.a(rpl-dag.o)
 .text.check_prefix
                0x0000a5b6       0x80 contiki-sky.a(rpl-dag.o)
 .text.rpl_dag_init
                0x0000a636        0xe contiki-sky.a(rpl-dag.o)
                0x0000a636                rpl_dag_init
 .text.rpl_get_parent
                0x0000a644        0xc contiki-sky.a(rpl-dag.o)
                0x0000a644                rpl_get_parent
 .text.rpl_rank_via_parent
                0x0000a650       0x2a contiki-sky.a(rpl-dag.o)
                0x0000a650                rpl_rank_via_parent
 .text.rpl_get_parent_lladdr
                0x0000a67a        0xc contiki-sky.a(rpl-dag.o)
                0x0000a67a                rpl_get_parent_lladdr
 .text.rpl_get_parent_ipaddr
                0x0000a686        0xa contiki-sky.a(rpl-dag.o)
                0x0000a686                rpl_get_parent_ipaddr
 .text.rpl_get_parent_link_stats
                0x0000a690        0xa contiki-sky.a(rpl-dag.o)
                0x0000a690                rpl_get_parent_link_stats
 .text.rpl_parent_is_fresh
                0x0000a69a        0xa contiki-sky.a(rpl-dag.o)
                0x0000a69a                rpl_parent_is_fresh
 .text.best_parent
                0x0000a6a4       0x82 contiki-sky.a(rpl-dag.o)
 .text.rpl_parent_is_reachable
                0x0000a726       0x4a contiki-sky.a(rpl-dag.o)
                0x0000a726                rpl_parent_is_reachable
 .text.rpl_set_prefix
                0x0000a770       0x8e contiki-sky.a(rpl-dag.o)
                0x0000a770                rpl_set_prefix
 .text.rpl_set_default_route
                0x0000a7fe       0x3e contiki-sky.a(rpl-dag.o)
                0x0000a7fe                rpl_set_default_route
 .text.rpl_alloc_instance
                0x0000a83c       0x34 contiki-sky.a(rpl-dag.o)
                0x0000a83c                rpl_alloc_instance
 .text.rpl_add_parent
                0x0000a870       0x3e contiki-sky.a(rpl-dag.o)
                0x0000a870                rpl_add_parent
 .text.rpl_find_parent
                0x0000a8ae       0x1a contiki-sky.a(rpl-dag.o)
                0x0000a8ae                rpl_find_parent
 .text.rpl_find_parent_any_dag
                0x0000a8c8       0x22 contiki-sky.a(rpl-dag.o)
                0x0000a8c8                rpl_find_parent_any_dag
 .text.rpl_select_parent
                0x0000a8ea       0x66 contiki-sky.a(rpl-dag.o)
                0x0000a8ea                rpl_select_parent
 .text.rpl_select_dag
                0x0000a950      0x1a6 contiki-sky.a(rpl-dag.o)
                0x0000a950                rpl_select_dag
 .text.rpl_nullify_parent
                0x0000aaf6       0x60 contiki-sky.a(rpl-dag.o)
                0x0000aaf6                rpl_nullify_parent
 .text.rpl_remove_parent
                0x0000ab56       0x16 contiki-sky.a(rpl-dag.o)
                0x0000ab56                rpl_remove_parent
 .text.nbr_callback
                0x0000ab6c        0x6 contiki-sky.a(rpl-dag.o)
 .text.remove_parents.constprop.4
                0x0000ab72       0x30 contiki-sky.a(rpl-dag.o)
 .text.rpl_free_dag
                0x0000aba2       0x42 contiki-sky.a(rpl-dag.o)
                0x0000aba2                rpl_free_dag
 .text.rpl_move_parent
                0x0000abe4       0x68 contiki-sky.a(rpl-dag.o)
                0x0000abe4                rpl_move_parent
 .text.rpl_get_dag
                0x0000ac4c       0x86 contiki-sky.a(rpl-dag.o)
                0x0000ac4c                rpl_get_dag
 .text.rpl_get_any_dag
                0x0000acd2       0x16 contiki-sky.a(rpl-dag.o)
                0x0000acd2                rpl_get_any_dag
 .text.rpl_get_instance
                0x0000ace8       0x16 contiki-sky.a(rpl-dag.o)
                0x0000ace8                rpl_get_instance
 .text.rpl_alloc_dag
                0x0000acfe       0x64 contiki-sky.a(rpl-dag.o)
                0x0000acfe                rpl_alloc_dag
 .text.rpl_repair_root
                0x0000ad62       0x4c contiki-sky.a(rpl-dag.o)
                0x0000ad62                rpl_repair_root
 .text.rpl_find_of
                0x0000adae       0x10 contiki-sky.a(rpl-dag.o)
                0x0000adae                rpl_find_of
 .text.rpl_join_instance
                0x0000adbe      0x156 contiki-sky.a(rpl-dag.o)
                0x0000adbe                rpl_join_instance
 .text.rpl_local_repair
                0x0000af14       0x9e contiki-sky.a(rpl-dag.o)
                0x0000af14                rpl_local_repair
 .text.rpl_process_parent_event
                0x0000afb2       0xc0 contiki-sky.a(rpl-dag.o)
                0x0000afb2                rpl_process_parent_event
 .text.rpl_recalculate_ranks
                0x0000b072       0x44 contiki-sky.a(rpl-dag.o)
                0x0000b072                rpl_recalculate_ranks
 .text.rpl_add_dag
                0x0000b0b6      0x114 contiki-sky.a(rpl-dag.o)
                0x0000b0b6                rpl_add_dag
 .text.rpl_process_dio
                0x0000b1ca      0x344 contiki-sky.a(rpl-dag.o)
                0x0000b1ca                rpl_process_dio
 .text.update_hbh_header
                0x0000b50e       0xcc contiki-sky.a(rpl-ext-header.)
 .text.insert_hbh_header
                0x0000b5da       0x9c contiki-sky.a(rpl-ext-header.)
 .text.rpl_verify_hbh_header
                0x0000b676      0x100 contiki-sky.a(rpl-ext-header.)
                0x0000b676                rpl_verify_hbh_header
 .text.rpl_remove_header
                0x0000b776       0x7a contiki-sky.a(rpl-ext-header.)
                0x0000b776                rpl_remove_header
 .text.rpl_update_header
                0x0000b7f0       0x60 contiki-sky.a(rpl-ext-header.)
                0x0000b7f0                rpl_update_header
 .text.get32    0x0000b850       0x46 contiki-sky.a(rpl-icmp6.o)
 .text.set32    0x0000b896       0x2a contiki-sky.a(rpl-icmp6.o)
 .text.get16    0x0000b8c0        0xe contiki-sky.a(rpl-icmp6.o)
 .text.set16    0x0000b8ce       0x10 contiki-sky.a(rpl-icmp6.o)
 .text.dao_ack_input
                0x0000b8de        0xa contiki-sky.a(rpl-icmp6.o)
 .text.dio_input
                0x0000b8e8      0x2a8 contiki-sky.a(rpl-icmp6.o)
 .text.rpl_icmp6_update_nbr_table
                0x0000bb90       0x30 contiki-sky.a(rpl-icmp6.o)
                0x0000bb90                rpl_icmp6_update_nbr_table
 .text.dao_input
                0x0000bbc0      0x2e2 contiki-sky.a(rpl-icmp6.o)
 .text.dis_output
                0x0000bea2       0x50 contiki-sky.a(rpl-icmp6.o)
                0x0000bea2                dis_output
 .text.dio_output
                0x0000bef2      0x276 contiki-sky.a(rpl-icmp6.o)
                0x0000bef2                dio_output
 .text.dis_input
                0x0000c168       0x3e contiki-sky.a(rpl-icmp6.o)
 .text.dao_output_target
                0x0000c1a6      0x112 contiki-sky.a(rpl-icmp6.o)
                0x0000c1a6                dao_output_target
 .text.dao_output
                0x0000c2b8       0xb4 contiki-sky.a(rpl-icmp6.o)
                0x0000c2b8                dao_output
 .text.rpl_icmp6_register_handlers
                0x0000c36c       0x22 contiki-sky.a(rpl-icmp6.o)
                0x0000c36c                rpl_icmp6_register_handlers
 .text.reset    0x0000c38e        0x2 contiki-sky.a(rpl-mrhof.o)
 .text.update_metric_container
                0x0000c390        0x6 contiki-sky.a(rpl-mrhof.o)
 .text.parent_link_metric
                0x0000c396       0x10 contiki-sky.a(rpl-mrhof.o)
 .text.parent_has_usable_link
                0x0000c3a6       0x14 contiki-sky.a(rpl-mrhof.o)
 .text.best_dag
                0x0000c3ba       0x2e contiki-sky.a(rpl-mrhof.o)
 .text.parent_path_cost
                0x0000c3e8       0x44 contiki-sky.a(rpl-mrhof.o)
 .text.parent_is_acceptable
                0x0000c42c       0x2e contiki-sky.a(rpl-mrhof.o)
 .text.rank_via_parent
                0x0000c45a       0x56 contiki-sky.a(rpl-mrhof.o)
 .text.best_parent
                0x0000c4b0       0x82 contiki-sky.a(rpl-mrhof.o)
 .text.handle_unicast_dio_timer
                0x0000c532       0x1c contiki-sky.a(rpl-timers.o)
 .text.new_dio_interval
                0x0000c54e       0x92 contiki-sky.a(rpl-timers.o)
 .text.set_dao_lifetime_timer
                0x0000c5e0       0x86 contiki-sky.a(rpl-timers.o)
 .text.handle_periodic_timer
                0x0000c666       0x50 contiki-sky.a(rpl-timers.o)
 .text.schedule_dao
                0x0000c6b6       0x82 contiki-sky.a(rpl-timers.o)
 .text.handle_dio_timer
                0x0000c738       0x88 contiki-sky.a(rpl-timers.o)
 .text.handle_dao_timer
                0x0000c7c0       0x64 contiki-sky.a(rpl-timers.o)
 .text.rpl_reset_periodic_timer
                0x0000c824       0x54 contiki-sky.a(rpl-timers.o)
                0x0000c824                rpl_reset_periodic_timer
 .text.rpl_reset_dio_timer
                0x0000c878       0x18 contiki-sky.a(rpl-timers.o)
                0x0000c878                rpl_reset_dio_timer
 .text.rpl_schedule_dao
                0x0000c890        0xc contiki-sky.a(rpl-timers.o)
                0x0000c890                rpl_schedule_dao
 .text.rpl_schedule_unicast_dio_immediately
                0x0000c89c       0x16 contiki-sky.a(rpl-timers.o)
                0x0000c89c                rpl_schedule_unicast_dio_immediately
 .text.get_probing_delay
                0x0000c8b2       0x40 contiki-sky.a(rpl-timers.o)
                0x0000c8b2                get_probing_delay
 .text.get_probing_target
                0x0000c8f2       0xfa contiki-sky.a(rpl-timers.o)
                0x0000c8f2                get_probing_target
 .text.rpl_schedule_probing
                0x0000c9ec       0x26 contiki-sky.a(rpl-timers.o)
                0x0000c9ec                rpl_schedule_probing
 .text.handle_probing_timer
                0x0000ca12       0x3c contiki-sky.a(rpl-timers.o)
 .text.input_packet
                0x0000ca4e        0x6 contiki-sky.a(csma.o)
 .text.on       0x0000ca54        0x6 contiki-sky.a(csma.o)
 .text.off      0x0000ca5a        0x6 contiki-sky.a(csma.o)
 .text.channel_check_interval
                0x0000ca60       0x10 contiki-sky.a(csma.o)
 .text.transmit_packet_list
                0x0000ca70       0x24 contiki-sky.a(csma.o)
 .text.schedule_transmission
                0x0000ca94       0x96 contiki-sky.a(csma.o)
 .text.init     0x0000cb2a       0x1a contiki-sky.a(csma.o)
 .text.tx_done  0x0000cb44       0x9a contiki-sky.a(csma.o)
 .text.send_packet
                0x0000cbde      0x164 contiki-sky.a(csma.o)
 .text.packet_sent
                0x0000cd42       0xd6 contiki-sky.a(csma.o)
 .text.create_frame.isra.0
                0x0000ce18      0x118 contiki-sky.a(framer-802154.o)
 .text.create   0x0000cf30        0x8 contiki-sky.a(framer-802154.o)
 .text.hdr_length
                0x0000cf38        0x8 contiki-sky.a(framer-802154.o)
 .text.parse    0x0000cf40       0x9e contiki-sky.a(framer-802154.o)
 .text.mac_call_sent_callback
                0x0000cfde       0x14 contiki-sky.a(mac.o)
                0x0000cfde                mac_call_sent_callback
 .text.on       0x0000cff2        0x6 contiki-sky.a(nullrdc.o)
 .text.channel_check_interval
                0x0000cff8        0x4 contiki-sky.a(nullrdc.o)
 .text.init     0x0000cffc        0x6 contiki-sky.a(nullrdc.o)
 .text.off      0x0000d002       0x10 contiki-sky.a(nullrdc.o)
 .text.packet_input
                0x0000d012       0x28 contiki-sky.a(nullrdc.o)
 .text.send_one_packet
                0x0000d03a       0x6a contiki-sky.a(nullrdc.o)
 .text.send_list
                0x0000d0a4       0x30 contiki-sky.a(nullrdc.o)
 .text.send_packet
                0x0000d0d4        0x6 contiki-sky.a(nullrdc.o)
 .text.linkaddr_copy
                0x0000d0da        0x8 contiki-sky.a(linkaddr.o)
                0x0000d0da                linkaddr_copy
 .text.linkaddr_cmp
                0x0000d0e2       0x12 contiki-sky.a(linkaddr.o)
                0x0000d0e2                linkaddr_cmp
 .text.linkaddr_set_node_addr
                0x0000d0f4        0xc contiki-sky.a(linkaddr.o)
                0x0000d0f4                linkaddr_set_node_addr
 .text.periodic
                0x0000d100       0x28 contiki-sky.a(link-stats.o)
 .text.link_stats_from_lladdr
                0x0000d128        0xc contiki-sky.a(link-stats.o)
                0x0000d128                link_stats_from_lladdr
 .text.link_stats_is_fresh
                0x0000d134       0x32 contiki-sky.a(link-stats.o)
                0x0000d134                link_stats_is_fresh
 .text.link_stats_packet_sent
                0x0000d166       0xd6 contiki-sky.a(link-stats.o)
                0x0000d166                link_stats_packet_sent
 .text.link_stats_input_callback
                0x0000d23c       0xb4 contiki-sky.a(link-stats.o)
                0x0000d23c                link_stats_input_callback
 .text.link_stats_init
                0x0000d2f0       0x22 contiki-sky.a(link-stats.o)
                0x0000d2f0                link_stats_init
 .text.key_from_index
                0x0000d312       0x18 contiki-sky.a(nbr-table.o)
 .text.item_from_index
                0x0000d32a       0x2a contiki-sky.a(nbr-table.o)
 .text.index_from_key
                0x0000d354       0x26 contiki-sky.a(nbr-table.o)
 .text.index_from_item
                0x0000d37a       0x1e contiki-sky.a(nbr-table.o)
 .text.nbr_set_bit
                0x0000d398       0x58 contiki-sky.a(nbr-table.o)
 .text.index_from_lladdr
                0x0000d3f0       0x42 contiki-sky.a(nbr-table.o)
 .text.nbr_get_bit.constprop.0
                0x0000d432       0x2e contiki-sky.a(nbr-table.o)
 .text.remove_key
                0x0000d460       0x66 contiki-sky.a(nbr-table.o)
 .text.nbr_table_register
                0x0000d4c6       0x26 contiki-sky.a(nbr-table.o)
                0x0000d4c6                nbr_table_register
 .text.nbr_table_next
                0x0000d4ec       0x3e contiki-sky.a(nbr-table.o)
                0x0000d4ec                nbr_table_next
 .text.nbr_table_head
                0x0000d52a       0x3a contiki-sky.a(nbr-table.o)
                0x0000d52a                nbr_table_head
 .text.nbr_table_add_lladdr
                0x0000d564      0x110 contiki-sky.a(nbr-table.o)
                0x0000d564                nbr_table_add_lladdr
 .text.nbr_table_get_from_lladdr
                0x0000d674       0x2c contiki-sky.a(nbr-table.o)
                0x0000d674                nbr_table_get_from_lladdr
 .text.nbr_table_remove
                0x0000d6a0       0x32 contiki-sky.a(nbr-table.o)
                0x0000d6a0                nbr_table_remove
 .text.nbr_table_lock
                0x0000d6d2       0x10 contiki-sky.a(nbr-table.o)
                0x0000d6d2                nbr_table_lock
 .text.nbr_table_unlock
                0x0000d6e2       0x10 contiki-sky.a(nbr-table.o)
                0x0000d6e2                nbr_table_unlock
 .text.nbr_table_get_lladdr
                0x0000d6f2       0x14 contiki-sky.a(nbr-table.o)
                0x0000d6f2                nbr_table_get_lladdr
 .text.nbr_table_update_lladdr
                0x0000d706       0x50 contiki-sky.a(nbr-table.o)
                0x0000d706                nbr_table_update_lladdr
 .text.packetbuf_hdrreduce
                0x0000d756       0x1a contiki-sky.a(packetbuf.o)
                0x0000d756                packetbuf_hdrreduce
 .text.packetbuf_set_datalen
                0x0000d770        0x6 contiki-sky.a(packetbuf.o)
                0x0000d770                packetbuf_set_datalen
 .text.packetbuf_hdrptr
                0x0000d776        0x6 contiki-sky.a(packetbuf.o)
                0x0000d776                packetbuf_hdrptr
 .text.packetbuf_datalen
                0x0000d77c        0x6 contiki-sky.a(packetbuf.o)
                0x0000d77c                packetbuf_datalen
 .text.packetbuf_hdrlen
                0x0000d782        0xa contiki-sky.a(packetbuf.o)
                0x0000d782                packetbuf_hdrlen
 .text.packetbuf_dataptr
                0x0000d78c        0xc contiki-sky.a(packetbuf.o)
                0x0000d78c                packetbuf_dataptr
 .text.packetbuf_copyto
                0x0000d798       0x46 contiki-sky.a(packetbuf.o)
                0x0000d798                packetbuf_copyto
 .text.packetbuf_totlen
                0x0000d7de        0xc contiki-sky.a(packetbuf.o)
                0x0000d7de                packetbuf_totlen
 .text.packetbuf_hdralloc
                0x0000d7ea       0x3c contiki-sky.a(packetbuf.o)
                0x0000d7ea                packetbuf_hdralloc
 .text.packetbuf_attr_clear
                0x0000d826       0x28 contiki-sky.a(packetbuf.o)
                0x0000d826                packetbuf_attr_clear
 .text.packetbuf_clear
                0x0000d84e       0x12 contiki-sky.a(packetbuf.o)
                0x0000d84e                packetbuf_clear
 .text.packetbuf_copyfrom
                0x0000d860       0x2e contiki-sky.a(packetbuf.o)
                0x0000d860                packetbuf_copyfrom
 .text.packetbuf_attr_copyto
                0x0000d88e       0x22 contiki-sky.a(packetbuf.o)
                0x0000d88e                packetbuf_attr_copyto
 .text.packetbuf_attr_copyfrom
                0x0000d8b0       0x24 contiki-sky.a(packetbuf.o)
                0x0000d8b0                packetbuf_attr_copyfrom
 .text.packetbuf_holds_broadcast
                0x0000d8d4        0xe contiki-sky.a(packetbuf.o)
                0x0000d8d4                packetbuf_holds_broadcast
 .text.queuebuf_init
                0x0000d8e2       0x12 contiki-sky.a(queuebuf.o)
                0x0000d8e2                queuebuf_init
 .text.queuebuf_numfree
                0x0000d8f4        0xa contiki-sky.a(queuebuf.o)
                0x0000d8f4                queuebuf_numfree
 .text.queuebuf_new_from_packetbuf
                0x0000d8fe       0x52 contiki-sky.a(queuebuf.o)
                0x0000d8fe                queuebuf_new_from_packetbuf
 .text.queuebuf_update_attr_from_packetbuf
                0x0000d950       0x12 contiki-sky.a(queuebuf.o)
                0x0000d950                queuebuf_update_attr_from_packetbuf
 .text.queuebuf_free
                0x0000d962       0x2a contiki-sky.a(queuebuf.o)
                0x0000d962                queuebuf_free
 .text.queuebuf_to_packetbuf
                0x0000d98c       0x32 contiki-sky.a(queuebuf.o)
                0x0000d98c                queuebuf_to_packetbuf
 .text.queuebuf_attr
                0x0000d9be        0xe contiki-sky.a(queuebuf.o)
                0x0000d9be                queuebuf_attr
 .text.init     0x0000d9cc        0x2 contiki-sky.a(nullsec.o)
 .text.send     0x0000d9ce        0xa contiki-sky.a(nullsec.o)
 .text.input    0x0000d9d8        0x6 contiki-sky.a(nullsec.o)
 .text.spi_init
                0x0000d9de       0x30 contiki-sky.a(spi.o)
                0x0000d9de                spi_init
 .text.stimer_set
                0x0000da0e       0x1c contiki-sky.a(stimer.o)
                0x0000da0e                stimer_set
 .text.stimer_expired
                0x0000da2a       0x30 contiki-sky.a(stimer.o)
                0x0000da2a                stimer_expired
 .text.memb_init
                0x0000da5a       0x36 contiki-sky.a(memb.o)
                0x0000da5a                memb_init
 .text.memb_alloc
                0x0000da90       0x3e contiki-sky.a(memb.o)
                0x0000da90                memb_alloc
 .text.memb_free
                0x0000dace       0x3a contiki-sky.a(memb.o)
                0x0000dace                memb_free
 .text.memb_inmemb
                0x0000db08       0x2a contiki-sky.a(memb.o)
                0x0000db08                memb_inmemb
 .text.memb_numfree
                0x0000db32       0x26 contiki-sky.a(memb.o)
                0x0000db32                memb_numfree
 .text.update_nbr
                0x0000db58       0xe6 contiki-sky.a(rpl-nbr-policy.)
 .text.handle_periodic_timer
                0x0000dc3e        0xe contiki-sky.a(rpl-nbr-policy.)
 .text.find_removable_dis
                0x0000dc4c       0x16 contiki-sky.a(rpl-nbr-policy.)
                0x0000dc4c                find_removable_dis
 .text.find_removable_dio
                0x0000dc62       0x3e contiki-sky.a(rpl-nbr-policy.)
                0x0000dc62                find_removable_dio
 .text.find_removable_dao
                0x0000dca0       0x34 contiki-sky.a(rpl-nbr-policy.)
                0x0000dca0                find_removable_dao
 .text.rpl_nbr_policy_find_removable
                0x0000dcd4       0x30 contiki-sky.a(rpl-nbr-policy.)
                0x0000dcd4                rpl_nbr_policy_find_removable
 .text.frame802154_get_pan_id
                0x0000dd04        0x6 contiki-sky.a(frame802154.o)
                0x0000dd04                frame802154_get_pan_id
 .text.frame802154_has_panid
                0x0000dd0a       0xe0 contiki-sky.a(frame802154.o)
                0x0000dd0a                frame802154_has_panid
 .text.field_len
                0x0000ddea       0xac contiki-sky.a(frame802154.o)
 .text.frame802154_is_broadcast_addr
                0x0000de96       0x28 contiki-sky.a(frame802154.o)
                0x0000de96                frame802154_is_broadcast_addr
 .text.frame802154_hdrlen
                0x0000debe       0x32 contiki-sky.a(frame802154.o)
                0x0000debe                frame802154_hdrlen
 .text.frame802154_create_fcf
                0x0000def0       0x96 contiki-sky.a(frame802154.o)
                0x0000def0                frame802154_create_fcf
 .text.frame802154_create
                0x0000df86       0xe4 contiki-sky.a(frame802154.o)
                0x0000df86                frame802154_create
 .text.frame802154_parse_fcf
                0x0000e06a       0xbc contiki-sky.a(frame802154.o)
                0x0000e06a                frame802154_parse_fcf
 .text.frame802154_parse
                0x0000e126      0x168 contiki-sky.a(frame802154.o)
                0x0000e126                frame802154_parse
 .text.libgcc   0x0000e28e       0x2c /usr/local/msp430/bin/../lib/gcc/msp430/4.7.0/mmpy-16/libgcc.a(_mulsi3.o)
                0x0000e28e                __mulsi3
 .text.libgcc   0x0000e2ba       0x22 /usr/local/msp430/bin/../lib/gcc/msp430/4.7.0/mmpy-16/libgcc.a(_udivmod16.o)
                0x0000e2ba                __udivhi3
                0x0000e2ba                __ext_udivmod16
                0x0000e2d4                __umodhi3
 .text.libgcc   0x0000e2dc       0x3a /usr/local/msp430/bin/../lib/gcc/msp430/4.7.0/mmpy-16/libgcc.a(_divmod16.o)
                0x0000e2dc                __ext_divmod16
                0x0000e2dc                __divhi3
                0x0000e30e                __modhi3
 .text.libgcc   0x0000e316       0x40 /usr/local/msp430/bin/../lib/gcc/msp430/4.7.0/mmpy-16/libgcc.a(_udivmod32.o)
                0x0000e316                __udivsi3
                0x0000e316                __ext_udivmod32
                0x0000e34c                __umodsi3
 .text.libgcc   0x0000e356       0x4c /usr/local/msp430/bin/../lib/gcc/msp430/4.7.0/mmpy-16/libgcc.a(_divmod32.o)
                0x0000e356                __ext_divmod32
                0x0000e356                __divsi3
                0x0000e398                __modsi3
 .text.printf   0x0000e3a2       0x10 /usr/local/msp430/bin/../lib/gcc/msp430/4.7.0/../../../../msp430/lib/mmpy-16/libc.a(printf.o)
                0x0000e3a2                printf
 .text.print_field
                0x0000e3b2      0x194 /usr/local/msp430/bin/../lib/gcc/msp430/4.7.0/../../../../msp430/lib/mmpy-16/libc.a(vuprintf.o)
 .text.vuprintf
                0x0000e546      0x63c /usr/local/msp430/bin/../lib/gcc/msp430/4.7.0/../../../../msp430/lib/mmpy-16/libc.a(vuprintf.o)
                0x0000e546                vuprintf
 .text.puts     0x0000eb82       0x2c /usr/local/msp430/bin/../lib/gcc/msp430/4.7.0/../../../../msp430/lib/mmpy-16/libc.a(puts.o)
                0x0000eb82                puts
 .text.rand     0x0000ebae       0x26 /usr/local/msp430/bin/../lib/gcc/msp430/4.7.0/../../../../msp430/lib/mmpy-16/libc.a(rand.o)
                0x0000ebae                rand
 .text.srand    0x0000ebd4        0xa /usr/local/msp430/bin/../lib/gcc/msp430/4.7.0/../../../../msp430/lib/mmpy-16/libc.a(rand.o)
                0x0000ebd4                srand
 .text.memcmp   0x0000ebde       0x30 /usr/local/msp430/bin/../lib/gcc/msp430/4.7.0/../../../../msp430/lib/mmpy-16/libc.a(memcmp.o)
                0x0000ebde                memcmp
 .text.memcpy   0x0000ec0e       0xfa /usr/local/msp430/bin/../lib/gcc/msp430/4.7.0/../../../../msp430/lib/mmpy-16/libc.a(memcpy.o)
                0x0000ec0e                memcpy
 .text.memmove  0x0000ed08       0xfa /usr/local/msp430/bin/../lib/gcc/msp430/4.7.0/../../../../msp430/lib/mmpy-16/libc.a(memmove.o)
                0x0000ed08                memmove
 .text.memset   0x0000ee02       0x6a /usr/local/msp430/bin/../lib/gcc/msp430/4.7.0/../../../../msp430/lib/mmpy-16/libc.a(memset.o)
                0x0000ee02                memset
 .text.libgcc   0x0000ee6c       0xf0 /usr/local/msp430/bin/../lib/gcc/msp430/4.7.0/mmpy-16/libgcc.a(_udivmod64.o)
                0x0000ee6c                __xabi_udivmod64
                0x0000eeca                __udivdi3
                0x0000eef0                __umoddi3
                0x0000ef1e                __udivmoddi4
 .text.crt0     0x0000ef5c        0x2 /usr/local/msp430/bin/../lib/gcc/msp430/4.7.0/mmpy-16/libcrt0.a(_unexpected_.o)
                0x0000ef5c                _unexpected_
 *(.near.text .near.text.*)

.rodata         0x0000ef60      0x385
                0x0000ef60                . = ALIGN (0x2)
 *(.rodata .rodata.* .gnu.linkonce.r.*)
 .rodata        0x0000ef60       0xd2 sender.co
                0x0000f01e                autostart_processes
 .rodata        0x0000f032      0x12e obj_sky/contiki-sky-main.o
 .rodata        0x0000f160       0x10 contiki-sky.a(battery-sensor.)
                0x0000f168                battery_sensor
 .rodata        0x0000f170       0x10 contiki-sky.a(button-sensor.o)
                0x0000f178                button_sensor
 .rodata        0x0000f180        0x8 contiki-sky.a(sensors.o)
 .rodata.get_value
                0x0000f188       0x24 contiki-sky.a(cc2420.o)
 .rodata.set_value
                0x0000f1ac       0x10 contiki-sky.a(cc2420.o)
 .rodata        0x0000f1bc       0x3e contiki-sky.a(cc2420.o)
                0x0000f1bc                cc2420_aes_128_driver
                0x0000f1c0                cc2420_driver
 .rodata        0x0000f1fa        0xf contiki-sky.a(ctimer.o)
 .rodata        0x0000f209        0xc contiki-sky.a(etimer.o)
 *fill*         0x0000f215        0x1 00
 .rodata        0x0000f216       0x24 contiki-sky.a(sicslowpan.o)
                0x0000f222                sicslowpan_driver
                0x0000f228                llprefix
                0x0000f22a                unc_mxconf
                0x0000f22e                unc_ctxconf
                0x0000f232                unc_llconf
 *fill*         0x0000f23a        0x2 00
 .rodata.uip_process
                0x0000f23c       0x20 contiki-sky.a(uip6.o)
 .rodata        0x0000f25c        0xd contiki-sky.a(tcpip.o)
 .rodata        0x0000f269       0x28 contiki-sky.a(uip-debug.o)
 *fill*         0x0000f291        0x1 00
 .rodata        0x0000f292       0x14 contiki-sky.a(csma.o)
                0x0000f298                csma_driver
 .rodata        0x0000f2a6        0x6 contiki-sky.a(framer-802154.o)
                0x0000f2a6                framer_802154
 .rodata        0x0000f2ac       0x18 contiki-sky.a(nullrdc.o)
                0x0000f2b4                nullrdc_driver
 .rodata        0x0000f2c4        0x8 contiki-sky.a(linkaddr.o)
                0x0000f2c4                linkaddr_null
 .rodata        0x0000f2cc       0x10 contiki-sky.a(nullsec.o)
                0x0000f2d4                nullsec_driver
 .rodata        0x0000f2dc        0x2 contiki-sky.a(frame802154.o)
 .rodata.vuprintf
                0x0000f2de        0x7 /usr/local/msp430/bin/../lib/gcc/msp430/4.7.0/../../../../msp430/lib/mmpy-16/libc.a(vuprintf.o)
 *(.near.rodata .near.rodata.*)
                0x0000f2e6                . = ALIGN (0x2)
                0x0000f2e6                _etext = .

.data           0x00001100       0xf6 load address 0x0000f2e6
                0x00001100                . = ALIGN (0x2)
                0x00001100                __data_start = .
 *(.data .data.* .gnu.linkonce.d.*)
 .data          0x00001100        0xa sender.co
                0x00001100                sender_process
 .data          0x0000110a        0x4 contiki-sky.a(contiki-sky-pla)
                0x0000110a                sensors
 .data          0x0000110e        0xa contiki-sky.a(sensors.o)
                0x0000110e                sensors_process
 .data          0x00001118        0xc contiki-sky.a(cc2420.o)
                0x00001118                cc2420_process
 .data          0x00001124        0x2 contiki-sky.a(msp430.o)
 .data          0x00001126        0xa contiki-sky.a(ctimer.o)
                0x00001126                ctimer_process
 .data          0x00001130        0xa contiki-sky.a(etimer.o)
                0x00001130                etimer_process
 .data          0x0000113a        0xa contiki-sky.a(uip-ds6-nbr.o)
                0x0000113a                ds6_neighbors
 .data          0x00001144       0x22 contiki-sky.a(uip-ds6-route.o)
                0x00001144                nbr_routes
 .data          0x00001166        0xc contiki-sky.a(uip-icmp6.o)
 .data          0x00001172        0x6 contiki-sky.a(uip-nd6.o)
 .data          0x00001178        0xa contiki-sky.a(tcpip.o)
                0x00001178                tcpip_process
 .data          0x00001182        0xa contiki-sky.a(rpl-dag.o)
                0x00001182                rpl_parents
 .data          0x0000118c       0x1a contiki-sky.a(rpl-icmp6.o)
 .data          0x000011a6       0x12 contiki-sky.a(rpl-mrhof.o)
                0x000011a6                rpl_mrhof
 .data          0x000011b8       0x18 contiki-sky.a(csma.o)
 .data          0x000011d0        0x8 contiki-sky.a(link-stats.o)
 .data          0x000011d8        0x8 contiki-sky.a(nbr-table.o)
 .data          0x000011e0       0x10 contiki-sky.a(queuebuf.o)
 .data          0x000011f0        0x2 contiki-sky.a(frame802154.o)
 .data.next     0x000011f2        0x4 /usr/local/msp430/bin/../lib/gcc/msp430/4.7.0/../../../../msp430/lib/mmpy-16/libc.a(rand.o)
 *(.near.data .near.data.*)
                0x000011f6                . = ALIGN (0x2)
                0x000011f6                _edata = .
                0x0000f2e6                __data_load_start = LOADADDR (.data)
                0x000000f6                __data_size = SIZEOF (.data)

.bss            0x000011f6     0x1bd4 load address 0x0000f3dc
                0x000011f6                __bss_start = .
 *(.bss .bss.*)
 .bss           0x000011f6       0x40 sender.co
 .bss           0x00001236        0xc obj_sky/contiki-sky-main.o
 .bss           0x00001242        0x8 contiki-sky.a(button-sensor.o)
 .bss           0x0000124a        0x2 contiki-sky.a(node-id.o)
                0x0000124a                node_id
 .bss           0x0000124c        0x6 contiki-sky.a(sensors.o)
 .bss           0x00001252        0xa contiki-sky.a(cc2420.o)
 .bss           0x0000125c        0x4 contiki-sky.a(sky-sensors.o)
 .bss           0x00001260       0x9a contiki-sky.a(uart1.o)
 .bss           0x000012fa        0xa contiki-sky.a(clock.o)
 .bss           0x00001304        0x1 contiki-sky.a(leds.o)
 *fill*         0x00001305        0x1 00
 .bss           0x00001306        0x2 contiki-sky.a(watchdog.o)
 .bss           0x00001308        0x4 contiki-sky.a(ctimer.o)
 .bss           0x0000130c        0x6 contiki-sky.a(etimer.o)
 .bss           0x00001312       0x38 contiki-sky.a(process.o)
                0x00001312                process_current
                0x00001314                process_list
 .bss           0x0000134a        0x2 contiki-sky.a(rtimer.o)
 .bss           0x0000134c      0x6e6 contiki-sky.a(sicslowpan.o)
 .bss           0x00001a32        0xa contiki-sky.a(uip6.o)
                0x00001a32                uip_ext_opt_offset
                0x00001a33                uip_ext_len
                0x00001a34                uip_ext_bitmap
 .bss           0x00001a3c       0x18 contiki-sky.a(uip-ds6.o)
 .bss           0x00001a54      0x120 contiki-sky.a(uip-ds6-nbr.o)
 .bss           0x00001b74      0x2e2 contiki-sky.a(uip-ds6-route.o)
 .bss           0x00001e56       0x14 contiki-sky.a(uip-icmp6.o)
 .bss           0x00001e6a        0x8 contiki-sky.a(uip-nd6.o)
 .bss           0x00001e72       0x30 contiki-sky.a(tcpip.o)
 .bss           0x00001ea2        0x2 contiki-sky.a(rpl.o)
 .bss           0x00001ea4       0x60 contiki-sky.a(rpl-dag.o)
 .bss           0x00001f04       0x18 contiki-sky.a(rpl-timers.o)
 .bss           0x00001f1c       0xc0 contiki-sky.a(csma.o)
 .bss           0x00001fdc        0x2 contiki-sky.a(framer-802154.o)
 .bss           0x00001fde       0xa0 contiki-sky.a(link-stats.o)
 .bss           0x0000207e       0xe4 contiki-sky.a(nbr-table.o)
 .bss           0x00002162       0x86 contiki-sky.a(packetbuf.o)
 .bss           0x000021e8      0x5a0 contiki-sky.a(queuebuf.o)
 .bss           0x00002788       0x20 contiki-sky.a(rpl-nbr-policy.)
 *(.near.bss .near.bss.*)
 *(COMMON)
 COMMON         0x000027a8        0x2 contiki-sky.a(contiki-sky-pla)
                0x000027a8                sensors_flags
 COMMON         0x000027aa        0x8 contiki-sky.a(ds2411.o)
                0x000027aa                ds2411_id
 COMMON         0x000027b2        0x1 contiki-sky.a(sensors.o)
                0x000027b2                sensors_event
 *fill*         0x000027b3        0x1 00
 COMMON         0x000027b4       0x10 contiki-sky.a(cc2420.o)
                0x000027b4                cc2420_last_rssi
                0x000027b6                cc2420_sfd_start_time
                0x000027b8                cc2420_time_of_departure
                0x000027ba                cc2420_time_of_arrival
                0x000027bc                cc2420_last_correlation
                0x000027be                cc2420_authority_level_of_sender
                0x000027c0                cc2420_sfd_counter
                0x000027c2                cc2420_sfd_end_time
 COMMON         0x000027c4        0x2 contiki-sky.a(msp430.o)
                0x000027c4                msp430_dco_required
 COMMON         0x000027c6       0x56 contiki-sky.a(energest.o)
                0x000027c6                energest_total_time
                0x000027f6                energest_total_count
                0x000027f8                energest_current_mode
                0x00002804                energest_current_time
 COMMON         0x0000281c        0x1 contiki-sky.a(process.o)
                0x0000281c                process_maxevents
 *fill*         0x0000281d        0x1 00
 COMMON         0x0000281e      0x304 contiki-sky.a(uip6.o)
                0x0000281e                uip_len
                0x00002820                uip_sappdata
                0x00002822                uip_acc32
                0x00002826                uip_lladdr
                0x0000282e                uip_aligned_buf
                0x0000291e                uip_flags
                0x00002920                uip_next_hdr
                0x00002922                uip_udp_conn
                0x00002924                uip_appdata
                0x00002926                uip_conn
                0x00002928                uip_conns
                0x000029d8                uip_listenports
                0x000029e8                uip_slen
                0x000029ea                uip_udp_conns
 COMMON         0x00002b22      0x15c contiki-sky.a(uip-ds6.o)
                0x00002b22                uip_ds6_timer_ra
                0x00002b2a                uip_ds6_if
                0x00002c16                uip_ds6_netif_addr_list_offset
                0x00002c17                uip_ds6_addr_size
                0x00002c18                uip_ds6_prefix_list
                0x00002c72                uip_ds6_timer_periodic
 COMMON         0x00002c7e        0x1 contiki-sky.a(tcpip.o)
                0x00002c7e                tcpip_event
 *fill*         0x00002c7f        0x1 00
 COMMON         0x00002c80      0x100 contiki-sky.a(rpl-dag.o)
                0x00002c80                default_instance
                0x00002c82                instance_table
 COMMON         0x00002d80        0x8 contiki-sky.a(linkaddr.o)
                0x00002d80                linkaddr_node_addr
 COMMON         0x00002d88       0x14 contiki-sky.a(link-stats.o)
                0x00002d88                periodic_timer
 COMMON         0x00002d9c       0x2e contiki-sky.a(packetbuf.o)
                0x00002d9c                packetbuf_addrs
                0x00002dac                packetbuf_attrs
                0x00002dca                . = ALIGN (0x2)
                0x00002dca                __bss_end = .
                0x00001bd4                __bss_size = SIZEOF (.bss)

.noinit         0x00002dca        0x2 load address 0x0000f3dc
                0x00002dca                . = ALIGN (0x2)
                0x00002dca                __noinit_start = .
 *(.noinit .noinit.*)
 .noinit.crt0   0x00002dca        0x2 /usr/local/msp430/bin/../lib/gcc/msp430/4.7.0/mmpy-16/libcrt0.a(__watchdog_support.o)
                0x00002dca                __wdt_clear_value
                0x00002dcc                . = ALIGN (0x2)
                0x00002dcc                __noinit_end = .
                0x00002dcc                . = ALIGN (0x2)
                0x00002dcc                _end = .

.infomem        0x00001000        0x0
                0x00001000                . = ALIGN (0x2)
 *(.infomem .infomem.*)

.infomemnobits  0x00001000        0x0
                0x00001000                . = ALIGN (0x2)
 *(.infomemnobits .infomemnobits.*)

.infoa          0x00001080        0x0
                0x00001080                . = ALIGN (0x2)
 *(.infoa .infoa.*)

.infob          0x00001000        0x0
                0x00001000                . = ALIGN (0x2)
 *(.infob .infob.*)

.infoc          0x00000000        0x0
                0x00000000                . = ALIGN (0x2)
 *(.infoc .infoc.*)

.infod          0x00000000        0x0
                0x00000000                . = ALIGN (0x2)
 *(.infod .infod.*)

.vectors        0x0000ffe0       0x20
                0x0000ffe0                __vectors_start = .
 *(.vectors*)
 .vectors       0x0000ffe0       0x20 /usr/local/msp430/bin/../lib/gcc/msp430/4.7.0/mmpy-16/crt0ivtbl16.o
                0x0000ffe0                __ivtbl_16
                0x00010000                _vectors_end = .

.fartext        0x00000000        0x0
                0x00000000                . = ALIGN (0x2)
 *(.fartext .fartext.*)

.far.text       0x00000000        0x0
                0x00000000                . = ALIGN (0x2)
 *(.far.text .far.text.*)

.far.rodata     0x00000000        0x0
                0x00000000                . = ALIGN (0x2)
 *(.far.rodata .far.rodata.*)
                0x00000000                . = ALIGN (0x2)
                0x00000000                _efartext = .

.far.data       0x00000000        0x0
                0x00000000                . = ALIGN (0x2)
                0x00000000                __far_data_start = .
 *(.far.data .far.data.*)
                0x00000000                . = ALIGN (0x2)
                0x00000000                _efardata = .
                0x00000000                __far_data_load_start = LOADADDR (.far.data)
                0x00000000                __far_data_size = SIZEOF (.far.data)

.far.bss        0x00000000        0x0
                0x00000000                . = ALIGN (0x2)
                0x00000000                __far_bss_start = .
 *(.far.bss .far.bss.*)
                0x00000000                . = ALIGN (0x2)
                0x00000000                __far_bss_end = .
                0x00000000                __far_bss_size = SIZEOF (.far.bss)
                0x00000000                . = ALIGN (0x2)
                0x00000000                _far_end = .

.profiler
 *(.profiler)

.stab           0x00000000    0x297d8
 *(.stab)
 .stab          0x00000000     0x12f0 sender.co
 .stab          0x000012f0     0x16d4 obj_sky/contiki-sky-main.o
                               0x1b18 (size before relaxing)
 .stab          0x000029c4      0x24c contiki-sky.a(contiki-sky-pla)
                                0x5ac (size before relaxing)
 .stab          0x00002c10      0x318 contiki-sky.a(battery-sensor.)
                                0x684 (size before relaxing)
 .stab          0x00002f28      0x468 contiki-sky.a(button-sensor.o)
                                0x7d4 (size before relaxing)
 .stab          0x00003390      0x618 contiki-sky.a(ds2411.o)
                                0xb34 (size before relaxing)
 .stab          0x000039a8      0x9d8 contiki-sky.a(xmem.o)
                                0xf00 (size before relaxing)
 .stab          0x00004380      0x2b8 contiki-sky.a(node-id.o)
                                0x4e0 (size before relaxing)
 .stab          0x00004638      0x69c contiki-sky.a(sensors.o)
                                0xbb8 (size before relaxing)
 .stab          0x00004cd4     0x2850 contiki-sky.a(cc2420.o)
                               0x2f7c (size before relaxing)
 .stab          0x00007524      0x75c contiki-sky.a(cc2420-arch.o)
                               0x1728 (size before relaxing)
 .stab          0x00007c80      0x4ec contiki-sky.a(sky-sensors.o)
                                0x858 (size before relaxing)
 .stab          0x0000816c      0x600 contiki-sky.a(uart1.o)
                                0x954 (size before relaxing)
 .stab          0x0000876c      0x234 contiki-sky.a(uart1-putchar.o)
                                0x588 (size before relaxing)
 .stab          0x000089a0      0x72c contiki-sky.a(msp430.o)
                                0xa80 (size before relaxing)
 .stab          0x000090cc      0x930 contiki-sky.a(clock.o)
                                0xc84 (size before relaxing)
 .stab          0x000099fc      0x5a0 contiki-sky.a(leds.o)
                                0x7ec (size before relaxing)
 .stab          0x00009f9c      0x378 contiki-sky.a(leds-arch.o)
                                0x6cc (size before relaxing)
 .stab          0x0000a314      0x3cc contiki-sky.a(watchdog.o)
                                0x720 (size before relaxing)
 .stab          0x0000a6e0      0x3b4 contiki-sky.a(rtimer-arch.o)
                                0x708 (size before relaxing)
 .stab          0x0000aa94      0x294 contiki-sky.a(autostart.o)
                                0x534 (size before relaxing)
 .stab          0x0000ad28      0x834 contiki-sky.a(ctimer.o)
                                0xba0 (size before relaxing)
 .stab          0x0000b55c      0x474 contiki-sky.a(energest.o)
                                0x6fc (size before relaxing)
 .stab          0x0000b9d0      0xa80 contiki-sky.a(etimer.o)
                                0xd50 (size before relaxing)
 .stab          0x0000c450      0xb94 contiki-sky.a(process.o)
                               0x102c (size before relaxing)
 .stab          0x0000cfe4      0x3cc contiki-sky.a(rtimer.o)
                                0x6b4 (size before relaxing)
 .stab          0x0000d3b0      0x348 contiki-sky.a(timer.o)
                                0x588 (size before relaxing)
 .stab          0x0000d6f8      0x7bc contiki-sky.a(list.o)
                                0x7c8 (size before relaxing)
 .stab          0x0000deb4      0x240 contiki-sky.a(random.o)
                                0x618 (size before relaxing)
 .stab          0x0000e0f4     0x2b68 contiki-sky.a(sicslowpan.o)
                               0x3534 (size before relaxing)
 .stab          0x00010c5c     0x2acc contiki-sky.a(uip6.o)
                               0x3720 (size before relaxing)
 .stab          0x00013728     0x141c contiki-sky.a(uip-ds6.o)
                               0x20f4 (size before relaxing)
 .stab          0x00014b44      0xc90 contiki-sky.a(uip-ds6-nbr.o)
                               0x159c (size before relaxing)
 .stab          0x000157d4     0x1320 contiki-sky.a(uip-ds6-route.o)
                               0x1f38 (size before relaxing)
 .stab          0x00016af4      0xbc4 contiki-sky.a(uip-icmp6.o)
                               0x18c0 (size before relaxing)
 .stab          0x000176b8      0x774 contiki-sky.a(uip-nd6.o)
                               0x13e0 (size before relaxing)
 .stab          0x00017e2c     0x12f0 contiki-sky.a(tcpip.o)
                               0x252c (size before relaxing)
 .stab          0x0001911c      0x3d8 contiki-sky.a(uip-debug.o)
                                0xbac (size before relaxing)
 .stab          0x000194f4      0x42c contiki-sky.a(uip-udp-packet.)
                                0xc30 (size before relaxing)
 .stab          0x00019920      0xb64 contiki-sky.a(rpl.o)
                               0x1980 (size before relaxing)
 .stab          0x0001a484     0x3678 contiki-sky.a(rpl-dag.o)
                               0x432c (size before relaxing)
 .stab          0x0001dafc      0xa44 contiki-sky.a(rpl-ext-header.)
                               0x1854 (size before relaxing)
 .stab          0x0001e540     0x19a4 contiki-sky.a(rpl-icmp6.o)
                               0x27fc (size before relaxing)
 .stab          0x0001fee4      0x9e4 contiki-sky.a(rpl-mrhof.o)
                               0x17b8 (size before relaxing)
 .stab          0x000208c8      0xf84 contiki-sky.a(rpl-timers.o)
                               0x1d58 (size before relaxing)
 .stab          0x0002184c     0x1134 contiki-sky.a(csma.o)
                               0x165c (size before relaxing)
 .stab          0x00022980      0x900 contiki-sky.a(framer-802154.o)
                                0xf0c (size before relaxing)
 .stab          0x00023280      0x1f8 contiki-sky.a(mac.o)
                                0x4ec (size before relaxing)
 .stab          0x00023478      0x6f0 contiki-sky.a(nullrdc.o)
                               0x1038 (size before relaxing)
 .stab          0x00023b68      0x2ac contiki-sky.a(linkaddr.o)
                                0x6a8 (size before relaxing)
 .stab          0x00023e14      0x7bc contiki-sky.a(link-stats.o)
                               0x1188 (size before relaxing)
 .stab          0x000245d0     0x10f8 contiki-sky.a(nbr-table.o)
                               0x1a64 (size before relaxing)
 .stab          0x000256c8      0xc9c contiki-sky.a(packetbuf.o)
                               0x1dd0 (size before relaxing)
 .stab          0x00026364      0xa80 contiki-sky.a(queuebuf.o)
                               0x1b9c (size before relaxing)
 .stab          0x00026de4      0x39c contiki-sky.a(nullsec.o)
                                0xccc (size before relaxing)
 .stab          0x00027180      0x1f8 contiki-sky.a(spi.o)
                                0x420 (size before relaxing)
 .stab          0x00027378      0x3b4 contiki-sky.a(stimer.o)
                                0x5f4 (size before relaxing)
 .stab          0x0002772c      0x5c4 contiki-sky.a(memb.o)
                                0xaf8 (size before relaxing)
 .stab          0x00027cf0      0x960 contiki-sky.a(rpl-nbr-policy.)
                               0x1728 (size before relaxing)
 .stab          0x00028650     0x1188 contiki-sky.a(frame802154.o)
                               0x1974 (size before relaxing)

.stabstr        0x00000000    0x1ea73
 *(.stabstr)
 .stabstr       0x00000000    0x1ea73 sender.co

.stab.excl
 *(.stab.excl)

.stab.exclstr
 *(.stab.exclstr)

.stab.index
 *(.stab.index)

.stab.indexstr
 *(.stab.indexstr)

.comment        0x00000000       0x30
 *(.comment)
 .comment       0x00000000       0x30 sender.co
                                 0x31 (size before relaxing)
 .comment       0x00000000       0x31 obj_sky/contiki-sky-main.o
 .comment       0x00000000       0x31 contiki-sky.a(contiki-sky-pla)
 .comment       0x00000000       0x31 contiki-sky.a(battery-sensor.)
 .comment       0x00000000       0x31 contiki-sky.a(button-sensor.o)
 .comment       0x00000000       0x31 contiki-sky.a(ds2411.o)
 .comment       0x00000000       0x31 contiki-sky.a(xmem.o)
 .comment       0x00000000       0x31 contiki-sky.a(node-id.o)
 .comment       0x00000000       0x31 contiki-sky.a(sensors.o)
 .comment       0x00000000       0x31 contiki-sky.a(cc2420.o)
 .comment       0x00000000       0x31 contiki-sky.a(cc2420-arch.o)
 .comment       0x00000000       0x31 contiki-sky.a(sky-sensors.o)
 .comment       0x00000000       0x31 contiki-sky.a(uart1.o)